生成的输入激励序列：

Cycle 0:
  clk_i  = clk_i__0 ([未完全约束])
  rst_i  = rst_i__0 ([未完全约束])
  m0_addr_i = 0 (0x0)
  s0_data_i = 0 (0x0)
  s1_data_i = s1_data_i__0 ([未完全约束])
  s2_data_i = s2_data_i__0 ([未完全约束])
  s3_data_i = s3_data_i__0 ([未完全约束])
  s4_data_i = s4_data_i__0 ([未完全约束])
  s5_data_i = s5_data_i__0 ([未完全约束])
  s6_data_i = s6_data_i__0 ([未完全约束])
  s7_data_i = s7_data_i__0 ([未完全约束])
  s8_data_i = s8_data_i__0 ([未完全约束])
  s9_data_i = s9_data_i__0 ([未完全约束])
  s10_data_i = s10_data_i__0 ([未完全约束])
  s11_data_i = s11_data_i__0 ([未完全约束])
  s12_data_i = s12_data_i__0 ([未完全约束])
  s13_data_i = s13_data_i__0 ([未完全约束])
  s14_data_i = s14_data_i__0 ([未完全约束])
  s15_data_i = s15_data_i__0 ([未完全约束])

Cycle 1:
  clk_i  = clk_i__1 ([未完全约束])
  rst_i  = rst_i__1 ([未完全约束])
  m0_addr_i = m0_addr_i__1 ([未完全约束])
  s0_data_i = 894679148 (0x3553B86C)
  s1_data_i = s1_data_i__1 ([未完全约束])
  s2_data_i = s2_data_i__1 ([未完全约束])
  s3_data_i = s3_data_i__1 ([未完全约束])
  s4_data_i = s4_data_i__1 ([未完全约束])
  s5_data_i = s5_data_i__1 ([未完全约束])
  s6_data_i = s6_data_i__1 ([未完全约束])
  s7_data_i = s7_data_i__1 ([未完全约束])
  s8_data_i = s8_data_i__1 ([未完全约束])
  s9_data_i = s9_data_i__1 ([未完全约束])
  s10_data_i = s10_data_i__1 ([未完全约束])
  s11_data_i = s11_data_i__1 ([未完全约束])
  s12_data_i = s12_data_i__1 ([未完全约束])
  s13_data_i = s13_data_i__1 ([未完全约束])
  s14_data_i = s14_data_i__1 ([未完全约束])
  s15_data_i = s15_data_i__1 ([未完全约束])

Cycle 2:
  clk_i  = clk_i__2 ([未完全约束])
  rst_i  = rst_i__2 ([未完全约束])
  m0_addr_i = m0_addr_i__2 ([未完全约束])
  s0_data_i = 3937065215 (0xEAAAD8FF)
  s1_data_i = s1_data_i__2 ([未完全约束])
  s2_data_i = s2_data_i__2 ([未完全约束])
  s3_data_i = s3_data_i__2 ([未完全约束])
  s4_data_i = s4_data_i__2 ([未完全约束])
  s5_data_i = s5_data_i__2 ([未完全约束])
  s6_data_i = s6_data_i__2 ([未完全约束])
  s7_data_i = s7_data_i__2 ([未完全约束])
  s8_data_i = s8_data_i__2 ([未完全约束])
  s9_data_i = s9_data_i__2 ([未完全约束])
  s10_data_i = s10_data_i__2 ([未完全约束])
  s11_data_i = s11_data_i__2 ([未完全约束])
  s12_data_i = s12_data_i__2 ([未完全约束])
  s13_data_i = s13_data_i__2 ([未完全约束])
  s14_data_i = s14_data_i__2 ([未完全约束])
  s15_data_i = s15_data_i__2 ([未完全约束])

Cycle 3:
  clk_i  = clk_i__3 ([未完全约束])
  rst_i  = rst_i__3 ([未完全约束])
  m0_addr_i = m0_addr_i__3 ([未完全约束])
  s0_data_i = 178876600 (0xAA970B8)
  s1_data_i = s1_data_i__3 ([未完全约束])
  s2_data_i = s2_data_i__3 ([未完全约束])
  s3_data_i = s3_data_i__3 ([未完全约束])
  s4_data_i = s4_data_i__3 ([未完全约束])
  s5_data_i = s5_data_i__3 ([未完全约束])
  s6_data_i = s6_data_i__3 ([未完全约束])
  s7_data_i = s7_data_i__3 ([未完全约束])
  s8_data_i = s8_data_i__3 ([未完全约束])
  s9_data_i = s9_data_i__3 ([未完全约束])
  s10_data_i = s10_data_i__3 ([未完全约束])
  s11_data_i = s11_data_i__3 ([未完全约束])
  s12_data_i = s12_data_i__3 ([未完全约束])
  s13_data_i = s13_data_i__3 ([未完全约束])
  s14_data_i = s14_data_i__3 ([未完全约束])
  s15_data_i = s15_data_i__3 ([未完全约束])

Cycle 4:
  clk_i  = clk_i__4 ([未完全约束])
  rst_i  = rst_i__4 ([未完全约束])
  m0_addr_i = m0_addr_i__4 ([未完全约束])
  s0_data_i = s0_data_i__4 ([未完全约束])
  s1_data_i = s1_data_i__4 ([未完全约束])
  s2_data_i = s2_data_i__4 ([未完全约束])
  s3_data_i = s3_data_i__4 ([未完全约束])
  s4_data_i = s4_data_i__4 ([未完全约束])
  s5_data_i = s5_data_i__4 ([未完全约束])
  s6_data_i = s6_data_i__4 ([未完全约束])
  s7_data_i = s7_data_i__4 ([未完全约束])
  s8_data_i = s8_data_i__4 ([未完全约束])
  s9_data_i = s9_data_i__4 ([未完全约束])
  s10_data_i = s10_data_i__4 ([未完全约束])
  s11_data_i = s11_data_i__4 ([未完全约束])
  s12_data_i = s12_data_i__4 ([未完全约束])
  s13_data_i = s13_data_i__4 ([未完全约束])
  s14_data_i = s14_data_i__4 ([未完全约束])
  s15_data_i = s15_data_i__4 ([未完全约束])
