VCD info: dumpfile wave.vcd opened for output.
achieve node: 3,0
achieve node: 3,0,1
achieve node: 0,1
achieve node: 0,1,1
achieve node: 1,0
achieve node: 1,0,0
********Period           0********
achieve node: 3,0
achieve node: 3,0,2
achieve node: 0,1
achieve node: 0,1,0
achieve node: 0,1,0,4
********Period           1********
achieve node: 3,0
achieve node: 3,0,14
achieve node: 0,1
achieve node: 0,1,0
achieve node: 0,1,0,4
********Period           2********
achieve node: 3,0
achieve node: 3,0,6
achieve node: 0,1
achieve node: 0,1,0
achieve node: 0,1,0,4
********Period           3********
achieve node: 3,0
achieve node: 3,0,5
achieve node: 0,1
achieve node: 0,1,0
achieve node: 0,1,0,4
********Period           4********
achieve node: 3,0
achieve node: 3,0,12
achieve node: 0,1
achieve node: 0,1,0
achieve node: 0,1,0,4
********Period           5********
achieve node: 3,0
achieve node: 3,0,11
achieve node: 0,1
achieve node: 0,1,0
achieve node: 0,1,0,4
********Period           6********
achieve node: 3,0
achieve node: 3,0,10
achieve node: 0,1
achieve node: 0,1,0
achieve node: 0,1,0,4
********Period           7********
achieve node: 3,0
achieve node: 3,0,3
achieve node: 0,1
achieve node: 0,1,0
achieve node: 0,1,0,4
********Period           8********
achieve node: 3,0
achieve node: 3,0,3
achieve node: 0,1
achieve node: 0,1,0
achieve node: 0,1,0,4
********Period           9********
achieve node: 3,0
achieve node: 3,0,7
achieve node: 0,1
achieve node: 0,1,0
achieve node: 0,1,0,4
********Period          10********
achieve node: 3,0
achieve node: 3,0,1
achieve node: 0,1
achieve node: 0,1,1
********Period          11********
achieve node: 3,0
achieve node: 3,0,1
achieve node: 0,1
achieve node: 0,1,0
achieve node: 0,1,0,1
achieve node: 1,0
achieve node: 1,0,0
********Period          12********
achieve node: 3,0
achieve node: 3,0,1
achieve node: 0,1
achieve node: 0,1,0
achieve node: 0,1,0,2
achieve node: 1,0
achieve node: 1,0,0
********Period          13********
achieve node: 3,0
achieve node: 3,0,1
achieve node: 0,1
achieve node: 0,1,0
achieve node: 0,1,0,3
achieve node: 1,0
achieve node: 1,0,1
********Period          14********
achieve node: 3,0
achieve node: 3,0,8
achieve node: 0,1
achieve node: 0,1,0
achieve node: 0,1,0,4
********Period          15********
achieve node: 3,0
achieve node: 3,0,4
achieve node: 0,1
achieve node: 0,1,0
achieve node: 0,1,0,4
********Period          16********
achieve node: 3,0
achieve node: 3,0,7
achieve node: 0,1
achieve node: 0,1,0
achieve node: 0,1,0,4
********Period          17********
achieve node: 3,0
achieve node: 3,0,6
achieve node: 0,1
achieve node: 0,1,0
achieve node: 0,1,0,4
********Period          18********
achieve node: 3,0
achieve node: 3,0,16
achieve node: 0,1
achieve node: 0,1,0
achieve node: 0,1,0,4
********Period          19********
achieve node: 3,0
achieve node: 3,0,8
achieve node: 0,1
achieve node: 0,1,0
achieve node: 0,1,0,4
********Period          20********
achieve node: 3,0
achieve node: 3,0,7
achieve node: 0,1
achieve node: 0,1,0
achieve node: 0,1,0,4
********Period          21********
achieve node: 3,0
achieve node: 3,0,14
achieve node: 0,1
achieve node: 0,1,0
achieve node: 0,1,0,4
********Period          22********
achieve node: 3,0
achieve node: 3,0,16
achieve node: 0,1
achieve node: 0,1,0
achieve node: 0,1,0,4
********Period          23********
achieve node: 3,0
achieve node: 3,0,13
achieve node: 0,1
achieve node: 0,1,0
achieve node: 0,1,0,4
********Period          24********
achieve node: 3,0
achieve node: 3,0,1
achieve node: 0,1
achieve node: 0,1,0
achieve node: 0,1,0,4
********Period          25********
achieve node: 3,0
achieve node: 3,0,3
achieve node: 0,1
achieve node: 0,1,0
achieve node: 0,1,0,4
********Period          26********
achieve node: 3,0
achieve node: 3,0,12
achieve node: 0,1
achieve node: 0,1,0
achieve node: 0,1,0,4
********Period          27********
achieve node: 3,0
achieve node: 3,0,15
achieve node: 0,1
achieve node: 0,1,0
achieve node: 0,1,0,4
********Period          28********
achieve node: 3,0
achieve node: 3,0,7
achieve node: 0,1
achieve node: 0,1,0
achieve node: 0,1,0,4
********Period          29********
achieve node: 3,0
achieve node: 3,0,2
achieve node: 0,1
achieve node: 0,1,0
achieve node: 0,1,0,4
********Period          30********
achieve node: 3,0
achieve node: 3,0,11
achieve node: 0,1
achieve node: 0,1,0
achieve node: 0,1,0,4
********Period          31********
achieve node: 3,0
achieve node: 3,0,8
achieve node: 0,1
achieve node: 0,1,0
achieve node: 0,1,0,4
********Period          32********
achieve node: 3,0
achieve node: 3,0,8
achieve node: 0,1
achieve node: 0,1,0
achieve node: 0,1,0,4
********Period          33********
achieve node: 3,0
achieve node: 3,0,10
achieve node: 0,1
achieve node: 0,1,0
achieve node: 0,1,0,4
********Period          34********
achieve node: 3,0
achieve node: 3,0,9
achieve node: 0,1
achieve node: 0,1,0
achieve node: 0,1,0,4
********Period          35********
achieve node: 3,0
achieve node: 3,0,13
achieve node: 0,1
achieve node: 0,1,0
achieve node: 0,1,0,4
********Period          36********
achieve node: 3,0
achieve node: 3,0,6
achieve node: 0,1
achieve node: 0,1,0
achieve node: 0,1,0,4
********Period          37********
achieve node: 3,0
achieve node: 3,0,1
achieve node: 0,1
achieve node: 0,1,0
achieve node: 0,1,0,4
********Period          38********
achieve node: 3,0
achieve node: 3,0,14
achieve node: 0,1
achieve node: 0,1,0
achieve node: 0,1,0,4
********Period          39********
achieve node: 3,0
achieve node: 3,0,7
achieve node: 0,1
achieve node: 0,1,0
achieve node: 0,1,0,4
********Period          40********
achieve node: 3,0
achieve node: 3,0,13
achieve node: 0,1
achieve node: 0,1,0
achieve node: 0,1,0,4
********Period          41********
achieve node: 3,0
achieve node: 3,0,10
achieve node: 0,1
achieve node: 0,1,0
achieve node: 0,1,0,4
********Period          42********
achieve node: 3,0
achieve node: 3,0,14
achieve node: 0,1
achieve node: 0,1,0
achieve node: 0,1,0,4
********Period          43********
achieve node: 3,0
achieve node: 3,0,9
achieve node: 0,1
achieve node: 0,1,0
achieve node: 0,1,0,4
********Period          44********
achieve node: 3,0
achieve node: 3,0,9
achieve node: 0,1
achieve node: 0,1,0
achieve node: 0,1,0,4
********Period          45********
achieve node: 3,0
achieve node: 3,0,2
achieve node: 0,1
achieve node: 0,1,0
achieve node: 0,1,0,4
********Period          46********
achieve node: 3,0
achieve node: 3,0,14
achieve node: 0,1
achieve node: 0,1,0
achieve node: 0,1,0,4
********Period          47********
achieve node: 3,0
achieve node: 3,0,16
achieve node: 0,1
achieve node: 0,1,0
achieve node: 0,1,0,4
********Period          48********
achieve node: 3,0
achieve node: 3,0,7
achieve node: 0,1
achieve node: 0,1,0
achieve node: 0,1,0,4
********Period          49********
achieve node: 3,0
achieve node: 3,0,11
achieve node: 0,1
achieve node: 0,1,0
achieve node: 0,1,0,4
********Period          50********
achieve node: 3,0
achieve node: 3,0,13
achieve node: 0,1
achieve node: 0,1,0
achieve node: 0,1,0,4
********Period          51********
achieve node: 3,0
achieve node: 3,0,5
achieve node: 0,1
achieve node: 0,1,0
achieve node: 0,1,0,4
********Period          52********
achieve node: 3,0
achieve node: 3,0,14
achieve node: 0,1
achieve node: 0,1,0
achieve node: 0,1,0,4
********Period          53********
achieve node: 3,0
achieve node: 3,0,6
achieve node: 0,1
achieve node: 0,1,0
achieve node: 0,1,0,4
********Period          54********
achieve node: 3,0
achieve node: 3,0,14
achieve node: 0,1
achieve node: 0,1,0
achieve node: 0,1,0,4
********Period          55********
achieve node: 3,0
achieve node: 3,0,12
achieve node: 0,1
achieve node: 0,1,0
achieve node: 0,1,0,4
********Period          56********
achieve node: 3,0
achieve node: 3,0,16
achieve node: 0,1
achieve node: 0,1,0
achieve node: 0,1,0,4
********Period          57********
achieve node: 3,0
achieve node: 3,0,11
achieve node: 0,1
achieve node: 0,1,0
achieve node: 0,1,0,4
********Period          58********
achieve node: 3,0
achieve node: 3,0,15
achieve node: 0,1
achieve node: 0,1,0
achieve node: 0,1,0,4
********Period          59********
achieve node: 3,0
achieve node: 3,0,14
achieve node: 0,1
achieve node: 0,1,0
achieve node: 0,1,0,4
********Period          60********
achieve node: 3,0
achieve node: 3,0,13
achieve node: 0,1
achieve node: 0,1,0
achieve node: 0,1,0,4
********Period          61********
achieve node: 3,0
achieve node: 3,0,15
achieve node: 0,1
achieve node: 0,1,0
achieve node: 0,1,0,4
********Period          62********
achieve node: 3,0
achieve node: 3,0,5
achieve node: 0,1
achieve node: 0,1,0
achieve node: 0,1,0,4
********Period          63********
achieve node: 3,0
achieve node: 3,0,10
achieve node: 0,1
achieve node: 0,1,0
achieve node: 0,1,0,4
********Period          64********
achieve node: 3,0
achieve node: 3,0,11
achieve node: 0,1
achieve node: 0,1,0
achieve node: 0,1,0,4
********Period          65********
achieve node: 3,0
achieve node: 3,0,4
achieve node: 0,1
achieve node: 0,1,0
achieve node: 0,1,0,4
********Period          66********
achieve node: 3,0
achieve node: 3,0,7
achieve node: 0,1
achieve node: 0,1,0
achieve node: 0,1,0,4
********Period          67********
achieve node: 3,0
achieve node: 3,0,11
achieve node: 0,1
achieve node: 0,1,0
achieve node: 0,1,0,4
********Period          68********
achieve node: 3,0
achieve node: 3,0,7
achieve node: 0,1
achieve node: 0,1,0
achieve node: 0,1,0,4
********Period          69********
achieve node: 3,0
achieve node: 3,0,12
achieve node: 0,1
achieve node: 0,1,0
achieve node: 0,1,0,4
********Period          70********
achieve node: 3,0
achieve node: 3,0,6
achieve node: 0,1
achieve node: 0,1,0
achieve node: 0,1,0,4
********Period          71********
achieve node: 3,0
achieve node: 3,0,13
achieve node: 0,1
achieve node: 0,1,0
achieve node: 0,1,0,4
********Period          72********
achieve node: 3,0
achieve node: 3,0,3
achieve node: 0,1
achieve node: 0,1,0
achieve node: 0,1,0,4
********Period          73********
achieve node: 3,0
achieve node: 3,0,10
achieve node: 0,1
achieve node: 0,1,0
achieve node: 0,1,0,4
********Period          74********
achieve node: 3,0
achieve node: 3,0,5
achieve node: 0,1
achieve node: 0,1,0
achieve node: 0,1,0,4
********Period          75********
achieve node: 3,0
achieve node: 3,0,7
achieve node: 0,1
achieve node: 0,1,0
achieve node: 0,1,0,4
********Period          76********
achieve node: 3,0
achieve node: 3,0,6
achieve node: 0,1
achieve node: 0,1,0
achieve node: 0,1,0,4
********Period          77********
achieve node: 3,0
achieve node: 3,0,12
achieve node: 0,1
achieve node: 0,1,0
achieve node: 0,1,0,4
********Period          78********
achieve node: 3,0
achieve node: 3,0,16
achieve node: 0,1
achieve node: 0,1,0
achieve node: 0,1,0,4
********Period          79********
achieve node: 3,0
achieve node: 3,0,3
achieve node: 0,1
achieve node: 0,1,0
achieve node: 0,1,0,4
********Period          80********
achieve node: 3,0
achieve node: 3,0,7
achieve node: 0,1
achieve node: 0,1,0
achieve node: 0,1,0,4
********Period          81********
achieve node: 3,0
achieve node: 3,0,8
achieve node: 0,1
achieve node: 0,1,0
achieve node: 0,1,0,4
********Period          82********
achieve node: 3,0
achieve node: 3,0,15
achieve node: 0,1
achieve node: 0,1,0
achieve node: 0,1,0,4
********Period          83********
achieve node: 3,0
achieve node: 3,0,12
achieve node: 0,1
achieve node: 0,1,0
achieve node: 0,1,0,4
********Period          84********
achieve node: 3,0
achieve node: 3,0,3
achieve node: 0,1
achieve node: 0,1,0
achieve node: 0,1,0,4
********Period          85********
achieve node: 3,0
achieve node: 3,0,6
achieve node: 0,1
achieve node: 0,1,0
achieve node: 0,1,0,4
********Period          86********
achieve node: 3,0
achieve node: 3,0,2
achieve node: 0,1
achieve node: 0,1,0
achieve node: 0,1,0,4
********Period          87********
achieve node: 3,0
achieve node: 3,0,11
achieve node: 0,1
achieve node: 0,1,0
achieve node: 0,1,0,4
********Period          88********
achieve node: 3,0
achieve node: 3,0,1
achieve node: 0,1
achieve node: 0,1,0
achieve node: 0,1,0,4
********Period          89********
achieve node: 3,0
achieve node: 3,0,15
achieve node: 0,1
achieve node: 0,1,0
achieve node: 0,1,0,4
********Period          90********
achieve node: 3,0
achieve node: 3,0,7
achieve node: 0,1
achieve node: 0,1,0
achieve node: 0,1,0,4
********Period          91********
achieve node: 3,0
achieve node: 3,0,1
achieve node: 0,1
achieve node: 0,1,0
achieve node: 0,1,0,4
********Period          92********
achieve node: 3,0
achieve node: 3,0,15
achieve node: 0,1
achieve node: 0,1,0
achieve node: 0,1,0,4
********Period          93********
achieve node: 3,0
achieve node: 3,0,1
achieve node: 0,1
achieve node: 0,1,0
achieve node: 0,1,0,4
********Period          94********
achieve node: 3,0
achieve node: 3,0,6
achieve node: 0,1
achieve node: 0,1,0
achieve node: 0,1,0,4
********Period          95********
achieve node: 3,0
achieve node: 3,0,13
achieve node: 0,1
achieve node: 0,1,0
achieve node: 0,1,0,4
********Period          96********
achieve node: 3,0
achieve node: 3,0,8
achieve node: 0,1
achieve node: 0,1,0
achieve node: 0,1,0,4
********Period          97********
achieve node: 3,0
achieve node: 3,0,4
achieve node: 0,1
achieve node: 0,1,0
achieve node: 0,1,0,4
********Period          98********
achieve node: 3,0
achieve node: 3,0,16
achieve node: 0,1
achieve node: 0,1,0
achieve node: 0,1,0,4
********Period          99********
achieve node: 3,0
achieve node: 3,0,15
achieve node: 0,1
achieve node: 0,1,0
achieve node: 0,1,0,4
d:/mylife_yanjiu/project/concolic_on_RTL/RTL/wb_conmaxT200/wb_conmaxT200_tb.v:108: $finish called at 1010000 (1ps)
