生成的输入激励序列：

Cycle 0: 2297
  clk    = clk__0 ([未完全约束])
  rst    = rst__0 ([未完全约束])
  phy_tx_mode = phy_tx_mode__0 ([未完全约束])
  rxd    = rxd__0 ([未完全约束])
  rxdp   = rxdp__0 ([未完全约束])
  rxdn   = 1 (0x1)
  DataOut_i = DataOut_i__0 ([未完全约束])
  TxValid_i = TxValid_i__0 ([未完全约束])

Cycle 1:
  clk    = clk__1 ([未完全约束])
  rst    = rst__1 ([未完全约束])
  phy_tx_mode = phy_tx_mode__1 ([未完全约束])
  rxd    = rxd__1 ([未完全约束])
  rxdp   = 0 (0x0)
  rxdn   = 1 (0x1)
  DataOut_i = DataOut_i__1 ([未完全约束])
  TxValid_i = TxValid_i__1 ([未完全约束])

Cycle 2:
  clk    = clk__2 ([未完全约束])
  rst    = rst__2 ([未完全约束])
  phy_tx_mode = phy_tx_mode__2 ([未完全约束])
  rxd    = rxd__2 ([未完全约束])
  rxdp   = 0 (0x0)
  rxdn   = 1 (0x1)
  DataOut_i = DataOut_i__2 ([未完全约束])
  TxValid_i = TxValid_i__2 ([未完全约束])

Cycle 3:
  clk    = clk__3 ([未完全约束])
  rst    = rst__3 ([未完全约束])
  phy_tx_mode = phy_tx_mode__3 ([未完全约束])
  rxd    = rxd__3 ([未完全约束])
  rxdp   = 0 (0x0)
  rxdn   = 0 (0x0)
  DataOut_i = DataOut_i__3 ([未完全约束])
  TxValid_i = TxValid_i__3 ([未完全约束])

Cycle 4:
  clk    = clk__4 ([未完全约束])
  rst    = rst__4 ([未完全约束])
  phy_tx_mode = phy_tx_mode__4 ([未完全约束])
  rxd    = rxd__4 ([未完全约束])
  rxdp   = rxdp__4 ([未完全约束])
  rxdn   = rxdn__4 ([未完全约束])
  DataOut_i = DataOut_i__4 ([未完全约束])
  TxValid_i = TxValid_i__4 ([未完全约束])
