VCD info: dumpfile wave.vcd opened for output.
achieve node: 0,0
achieve node: 0,0,1
achieve node: 7,1
achieve node: 4,1
achieve node: 4,1,1
********Period           0********
achieve node: 0,0
achieve node: 4,1
achieve node: 4,1,0
achieve node: 4,1,0,0
achieve node: 7,1
********Period           1********
achieve node: 0,0
achieve node: 7,1
achieve node: 4,1
achieve node: 4,1,0
achieve node: 4,1,0,0
********Period           2********
achieve node: 0,0
achieve node: 4,1
achieve node: 4,1,0
achieve node: 4,1,0,0
achieve node: 7,1
********Period           3********
achieve node: 0,0
achieve node: 7,1
achieve node: 4,1
achieve node: 4,1,0
achieve node: 4,1,0,0
********Period           4********
achieve node: 0,0
achieve node: 4,1
achieve node: 4,1,0
achieve node: 4,1,0,0
achieve node: 7,1
********Period           5********
achieve node: 0,0
achieve node: 7,1
achieve node: 4,1
achieve node: 4,1,0
achieve node: 4,1,0,0
********Period           6********
achieve node: 0,0
achieve node: 4,1
achieve node: 4,1,0
achieve node: 4,1,0,0
achieve node: 7,1
********Period           7********
achieve node: 0,0
achieve node: 7,1
achieve node: 4,1
achieve node: 4,1,0
achieve node: 4,1,0,0
********Period           8********
achieve node: 0,0
achieve node: 4,1
achieve node: 4,1,0
achieve node: 4,1,0,0
achieve node: 7,1
********Period           9********
achieve node: 0,0
achieve node: 7,1
achieve node: 4,1
achieve node: 4,1,0
achieve node: 4,1,0,0
********Period          10********
achieve node: 0,0
achieve node: 4,1
achieve node: 4,1,0
achieve node: 4,1,0,0
achieve node: 7,1
********Period          11********
achieve node: 0,0
achieve node: 7,1
achieve node: 4,1
achieve node: 4,1,0
achieve node: 4,1,0,0
********Period          12********
achieve node: 0,0
achieve node: 4,1
achieve node: 4,1,0
achieve node: 4,1,0,0
achieve node: 7,1
********Period          13********
achieve node: 0,0
achieve node: 7,1
achieve node: 4,1
achieve node: 4,1,0
achieve node: 4,1,0,0
********Period          14********
achieve node: 0,0
achieve node: 4,1
achieve node: 4,1,0
achieve node: 4,1,0,0
achieve node: 7,1
********Period          15********
achieve node: 0,0
achieve node: 7,1
achieve node: 4,1
achieve node: 4,1,0
achieve node: 4,1,0,0
********Period          16********
achieve node: 0,0
achieve node: 4,1
achieve node: 4,1,0
achieve node: 4,1,0,0
achieve node: 7,1
********Period          17********
achieve node: 0,0
achieve node: 7,1
achieve node: 4,1
achieve node: 4,1,0
achieve node: 4,1,0,0
********Period          18********
achieve node: 0,0
achieve node: 4,1
achieve node: 4,1,0
achieve node: 4,1,0,0
achieve node: 7,1
********Period          19********
achieve node: 0,0
achieve node: 7,1
achieve node: 4,1
achieve node: 4,1,0
achieve node: 4,1,0,0
********Period          20********
achieve node: 0,0
achieve node: 4,1
achieve node: 4,1,0
achieve node: 4,1,0,0
achieve node: 7,1
********Period          21********
achieve node: 0,0
achieve node: 7,1
achieve node: 4,1
achieve node: 4,1,0
achieve node: 4,1,0,0
********Period          22********
achieve node: 0,0
achieve node: 4,1
achieve node: 4,1,0
achieve node: 4,1,0,0
achieve node: 7,1
********Period          23********
achieve node: 0,0
achieve node: 7,1
achieve node: 4,1
achieve node: 4,1,0
achieve node: 4,1,0,0
********Period          24********
achieve node: 0,0
achieve node: 4,1
achieve node: 4,1,0
achieve node: 4,1,0,0
achieve node: 7,1
********Period          25********
achieve node: 0,0
achieve node: 7,1
achieve node: 4,1
achieve node: 4,1,0
achieve node: 4,1,0,0
********Period          26********
achieve node: 0,0
achieve node: 4,1
achieve node: 4,1,0
achieve node: 4,1,0,0
achieve node: 7,1
********Period          27********
achieve node: 0,0
achieve node: 7,1
achieve node: 4,1
achieve node: 4,1,0
achieve node: 4,1,0,0
********Period          28********
achieve node: 0,0
achieve node: 4,1
achieve node: 4,1,0
achieve node: 4,1,0,0
achieve node: 7,1
********Period          29********
achieve node: 0,0
achieve node: 7,1
achieve node: 4,1
achieve node: 4,1,0
achieve node: 4,1,0,0
********Period          30********
achieve node: 0,0
achieve node: 4,1
achieve node: 4,1,0
achieve node: 4,1,0,0
achieve node: 7,1
********Period          31********
achieve node: 0,0
achieve node: 7,1
achieve node: 4,1
achieve node: 4,1,0
achieve node: 4,1,0,0
********Period          32********
achieve node: 0,0
achieve node: 4,1
achieve node: 4,1,0
achieve node: 4,1,0,0
achieve node: 7,1
********Period          33********
achieve node: 0,0
achieve node: 7,1
achieve node: 4,1
achieve node: 4,1,0
achieve node: 4,1,0,0
********Period          34********
achieve node: 0,0
achieve node: 4,1
achieve node: 4,1,0
achieve node: 4,1,0,0
achieve node: 7,1
********Period          35********
achieve node: 0,0
achieve node: 7,1
achieve node: 4,1
achieve node: 4,1,0
achieve node: 4,1,0,0
********Period          36********
achieve node: 0,0
achieve node: 4,1
achieve node: 4,1,0
achieve node: 4,1,0,0
achieve node: 7,1
********Period          37********
achieve node: 0,0
achieve node: 7,1
achieve node: 4,1
achieve node: 4,1,0
achieve node: 4,1,0,0
********Period          38********
achieve node: 0,0
achieve node: 4,1
achieve node: 4,1,0
achieve node: 4,1,0,0
achieve node: 7,1
********Period          39********
achieve node: 0,0
achieve node: 7,1
achieve node: 4,1
achieve node: 4,1,0
achieve node: 4,1,0,0
********Period          40********
achieve node: 0,0
achieve node: 4,1
achieve node: 4,1,0
achieve node: 4,1,0,0
achieve node: 7,1
********Period          41********
achieve node: 0,0
achieve node: 7,1
achieve node: 4,1
achieve node: 4,1,0
achieve node: 4,1,0,0
********Period          42********
achieve node: 0,0
achieve node: 4,1
achieve node: 4,1,0
achieve node: 4,1,0,0
achieve node: 7,1
********Period          43********
achieve node: 0,0
achieve node: 7,1
achieve node: 4,1
achieve node: 4,1,0
achieve node: 4,1,0,0
********Period          44********
achieve node: 0,0
achieve node: 4,1
achieve node: 4,1,0
achieve node: 4,1,0,0
achieve node: 7,1
********Period          45********
achieve node: 0,0
achieve node: 7,1
achieve node: 4,1
achieve node: 4,1,0
achieve node: 4,1,0,0
********Period          46********
achieve node: 0,0
achieve node: 4,1
achieve node: 4,1,0
achieve node: 4,1,0,0
achieve node: 7,1
********Period          47********
achieve node: 0,0
achieve node: 7,1
achieve node: 4,1
achieve node: 4,1,0
achieve node: 4,1,0,0
********Period          48********
achieve node: 0,0
achieve node: 4,1
achieve node: 4,1,0
achieve node: 4,1,0,0
achieve node: 7,1
********Period          49********
achieve node: 0,0
achieve node: 7,1
achieve node: 4,1
achieve node: 4,1,0
achieve node: 4,1,0,0
********Period          50********
achieve node: 0,0
achieve node: 4,1
achieve node: 4,1,0
achieve node: 4,1,0,0
achieve node: 7,1
********Period          51********
achieve node: 0,0
achieve node: 7,1
achieve node: 4,1
achieve node: 4,1,0
achieve node: 4,1,0,0
********Period          52********
achieve node: 0,0
achieve node: 4,1
achieve node: 4,1,0
achieve node: 4,1,0,0
achieve node: 7,1
********Period          53********
achieve node: 0,0
achieve node: 7,1
achieve node: 4,1
achieve node: 4,1,0
achieve node: 4,1,0,0
********Period          54********
achieve node: 0,0
achieve node: 4,1
achieve node: 4,1,0
achieve node: 4,1,0,0
achieve node: 7,1
********Period          55********
achieve node: 0,0
achieve node: 7,1
achieve node: 4,1
achieve node: 4,1,0
achieve node: 4,1,0,0
********Period          56********
achieve node: 0,0
achieve node: 4,1
achieve node: 4,1,0
achieve node: 4,1,0,0
achieve node: 7,1
********Period          57********
achieve node: 0,0
achieve node: 7,1
achieve node: 4,1
achieve node: 4,1,0
achieve node: 4,1,0,0
********Period          58********
achieve node: 0,0
achieve node: 4,1
achieve node: 4,1,0
achieve node: 4,1,0,0
achieve node: 7,1
********Period          59********
achieve node: 0,0
achieve node: 7,1
achieve node: 4,1
achieve node: 4,1,0
achieve node: 4,1,0,0
********Period          60********
achieve node: 0,0
achieve node: 4,1
achieve node: 4,1,0
achieve node: 4,1,0,0
achieve node: 7,1
********Period          61********
achieve node: 0,0
achieve node: 7,1
achieve node: 4,1
achieve node: 4,1,0
achieve node: 4,1,0,0
********Period          62********
achieve node: 0,0
achieve node: 4,1
achieve node: 4,1,0
achieve node: 4,1,0,0
achieve node: 7,1
********Period          63********
achieve node: 0,0
achieve node: 7,1
achieve node: 4,1
achieve node: 4,1,0
achieve node: 4,1,0,0
********Period          64********
achieve node: 0,0
achieve node: 4,1
achieve node: 4,1,0
achieve node: 4,1,0,0
achieve node: 7,1
********Period          65********
achieve node: 0,0
achieve node: 7,1
achieve node: 4,1
achieve node: 4,1,0
achieve node: 4,1,0,0
********Period          66********
achieve node: 0,0
achieve node: 4,1
achieve node: 4,1,0
achieve node: 4,1,0,0
achieve node: 7,1
********Period          67********
achieve node: 0,0
achieve node: 7,1
achieve node: 4,1
achieve node: 4,1,0
achieve node: 4,1,0,0
********Period          68********
achieve node: 0,0
achieve node: 4,1
achieve node: 4,1,0
achieve node: 4,1,0,0
achieve node: 7,1
********Period          69********
achieve node: 0,0
achieve node: 7,1
achieve node: 4,1
achieve node: 4,1,0
achieve node: 4,1,0,0
********Period          70********
achieve node: 0,0
achieve node: 4,1
achieve node: 4,1,0
achieve node: 4,1,0,0
achieve node: 7,1
********Period          71********
achieve node: 0,0
achieve node: 7,1
achieve node: 4,1
achieve node: 4,1,0
achieve node: 4,1,0,0
********Period          72********
achieve node: 0,0
achieve node: 4,1
achieve node: 4,1,0
achieve node: 4,1,0,0
achieve node: 7,1
********Period          73********
achieve node: 0,0
achieve node: 7,1
achieve node: 4,1
achieve node: 4,1,0
achieve node: 4,1,0,0
********Period          74********
achieve node: 0,0
achieve node: 4,1
achieve node: 4,1,0
achieve node: 4,1,0,0
achieve node: 7,1
********Period          75********
achieve node: 0,0
achieve node: 7,1
achieve node: 4,1
achieve node: 4,1,0
achieve node: 4,1,0,0
********Period          76********
achieve node: 0,0
achieve node: 4,1
achieve node: 4,1,0
achieve node: 4,1,0,0
achieve node: 7,1
********Period          77********
achieve node: 0,0
achieve node: 7,1
achieve node: 4,1
achieve node: 4,1,0
achieve node: 4,1,0,0
********Period          78********
achieve node: 0,0
achieve node: 4,1
achieve node: 4,1,0
achieve node: 4,1,0,0
achieve node: 7,1
********Period          79********
achieve node: 0,0
achieve node: 7,1
achieve node: 4,1
achieve node: 4,1,0
achieve node: 4,1,0,0
********Period          80********
achieve node: 0,0
achieve node: 4,1
achieve node: 4,1,0
achieve node: 4,1,0,0
achieve node: 7,1
********Period          81********
achieve node: 0,0
achieve node: 7,1
achieve node: 4,1
achieve node: 4,1,0
achieve node: 4,1,0,0
********Period          82********
achieve node: 0,0
achieve node: 4,1
achieve node: 4,1,0
achieve node: 4,1,0,0
achieve node: 7,1
********Period          83********
achieve node: 0,0
achieve node: 7,1
achieve node: 4,1
achieve node: 4,1,0
achieve node: 4,1,0,0
********Period          84********
achieve node: 0,0
achieve node: 4,1
achieve node: 4,1,0
achieve node: 4,1,0,0
achieve node: 7,1
********Period          85********
achieve node: 0,0
achieve node: 7,1
achieve node: 4,1
achieve node: 4,1,0
achieve node: 4,1,0,0
********Period          86********
achieve node: 0,0
achieve node: 4,1
achieve node: 4,1,0
achieve node: 4,1,0,0
achieve node: 7,1
********Period          87********
achieve node: 0,0
achieve node: 7,1
achieve node: 4,1
achieve node: 4,1,0
achieve node: 4,1,0,0
********Period          88********
achieve node: 0,0
achieve node: 4,1
achieve node: 4,1,0
achieve node: 4,1,0,0
achieve node: 7,1
********Period          89********
achieve node: 0,0
achieve node: 7,1
achieve node: 4,1
achieve node: 4,1,0
achieve node: 4,1,0,0
********Period          90********
achieve node: 0,0
achieve node: 4,1
achieve node: 4,1,0
achieve node: 4,1,0,0
achieve node: 7,1
********Period          91********
achieve node: 0,0
achieve node: 7,1
achieve node: 4,1
achieve node: 4,1,0
achieve node: 4,1,0,0
********Period          92********
achieve node: 0,0
achieve node: 4,1
achieve node: 4,1,0
achieve node: 4,1,0,0
achieve node: 7,1
********Period          93********
achieve node: 0,0
achieve node: 7,1
achieve node: 4,1
achieve node: 4,1,0
achieve node: 4,1,0,0
********Period          94********
achieve node: 0,0
achieve node: 4,1
achieve node: 4,1,0
achieve node: 4,1,0,0
achieve node: 7,1
********Period          95********
achieve node: 0,0
achieve node: 7,1
achieve node: 4,1
achieve node: 4,1,0
achieve node: 4,1,0,0
********Period          96********
achieve node: 0,0
achieve node: 4,1
achieve node: 4,1,0
achieve node: 4,1,0,0
achieve node: 7,1
********Period          97********
achieve node: 0,0
achieve node: 7,1
achieve node: 4,1
achieve node: 4,1,0
achieve node: 4,1,0,0
********Period          98********
achieve node: 0,0
achieve node: 4,1
achieve node: 4,1,0
achieve node: 4,1,0,0
achieve node: 7,1
********Period          99********
achieve node: 0,0
achieve node: 7,1
achieve node: 4,1
achieve node: 4,1,0
achieve node: 4,1,0,0
********Period         100********
achieve node: 0,0
achieve node: 4,1
achieve node: 4,1,0
achieve node: 4,1,0,0
achieve node: 7,1
********Period         101********
achieve node: 0,0
achieve node: 7,1
achieve node: 4,1
achieve node: 4,1,0
achieve node: 4,1,0,0
********Period         102********
achieve node: 0,0
achieve node: 4,1
achieve node: 4,1,0
achieve node: 4,1,0,0
achieve node: 7,1
********Period         103********
achieve node: 0,0
achieve node: 7,1
achieve node: 4,1
achieve node: 4,1,0
achieve node: 4,1,0,0
********Period         104********
achieve node: 0,0
achieve node: 4,1
achieve node: 4,1,0
achieve node: 4,1,0,0
achieve node: 7,1
********Period         105********
achieve node: 0,0
achieve node: 7,1
achieve node: 4,1
achieve node: 4,1,0
achieve node: 4,1,0,0
********Period         106********
achieve node: 0,0
achieve node: 4,1
achieve node: 4,1,0
achieve node: 4,1,0,0
achieve node: 7,1
********Period         107********
achieve node: 0,0
achieve node: 7,1
achieve node: 4,1
achieve node: 4,1,0
achieve node: 4,1,0,0
********Period         108********
achieve node: 0,0
achieve node: 4,1
achieve node: 4,1,0
achieve node: 4,1,0,0
achieve node: 7,1
********Period         109********
achieve node: 0,0
achieve node: 7,1
achieve node: 4,1
achieve node: 4,1,0
achieve node: 4,1,0,0
********Period         110********
achieve node: 0,0
achieve node: 4,1
achieve node: 4,1,0
achieve node: 4,1,0,0
achieve node: 7,1
********Period         111********
achieve node: 0,0
achieve node: 7,1
achieve node: 4,1
achieve node: 4,1,0
achieve node: 4,1,0,0
********Period         112********
achieve node: 0,0
achieve node: 4,1
achieve node: 4,1,0
achieve node: 4,1,0,0
achieve node: 7,1
********Period         113********
achieve node: 0,0
achieve node: 7,1
achieve node: 4,1
achieve node: 4,1,0
achieve node: 4,1,0,0
********Period         114********
achieve node: 0,0
achieve node: 4,1
achieve node: 4,1,0
achieve node: 4,1,0,0
achieve node: 7,1
********Period         115********
achieve node: 0,0
achieve node: 7,1
achieve node: 4,1
achieve node: 4,1,0
achieve node: 4,1,0,0
********Period         116********
achieve node: 0,0
achieve node: 4,1
achieve node: 4,1,0
achieve node: 4,1,0,0
achieve node: 7,1
********Period         117********
achieve node: 0,0
achieve node: 7,1
achieve node: 4,1
achieve node: 4,1,0
achieve node: 4,1,0,0
********Period         118********
achieve node: 0,0
achieve node: 4,1
achieve node: 4,1,0
achieve node: 4,1,0,0
achieve node: 7,1
********Period         119********
achieve node: 0,0
achieve node: 7,1
achieve node: 4,1
achieve node: 4,1,0
achieve node: 4,1,0,0
********Period         120********
achieve node: 0,0
achieve node: 4,1
achieve node: 4,1,0
achieve node: 4,1,0,0
achieve node: 7,1
********Period         121********
achieve node: 0,0
achieve node: 7,1
achieve node: 4,1
achieve node: 4,1,0
achieve node: 4,1,0,0
********Period         122********
achieve node: 0,0
achieve node: 4,1
achieve node: 4,1,0
achieve node: 4,1,0,0
achieve node: 7,1
********Period         123********
achieve node: 0,0
achieve node: 7,1
achieve node: 4,1
achieve node: 4,1,0
achieve node: 4,1,0,0
********Period         124********
achieve node: 0,0
achieve node: 4,1
achieve node: 4,1,0
achieve node: 4,1,0,0
achieve node: 7,1
********Period         125********
achieve node: 0,0
achieve node: 7,1
achieve node: 4,1
achieve node: 4,1,0
achieve node: 4,1,0,0
********Period         126********
achieve node: 0,0
achieve node: 4,1
achieve node: 4,1,0
achieve node: 4,1,0,0
achieve node: 7,1
********Period         127********
achieve node: 0,0
achieve node: 7,1
achieve node: 4,1
achieve node: 4,1,0
achieve node: 4,1,0,0
********Period         128********
achieve node: 0,0
achieve node: 4,1
achieve node: 4,1,0
achieve node: 4,1,0,0
achieve node: 7,1
********Period         129********
achieve node: 0,0
achieve node: 7,1
achieve node: 4,1
achieve node: 4,1,0
achieve node: 4,1,0,0
********Period         130********
achieve node: 0,0
achieve node: 4,1
achieve node: 4,1,0
achieve node: 4,1,0,0
achieve node: 7,1
********Period         131********
achieve node: 0,0
achieve node: 7,1
achieve node: 4,1
achieve node: 4,1,0
achieve node: 4,1,0,0
********Period         132********
achieve node: 0,0
achieve node: 4,1
achieve node: 4,1,0
achieve node: 4,1,0,0
achieve node: 7,1
********Period         133********
achieve node: 0,0
achieve node: 7,1
achieve node: 4,1
achieve node: 4,1,0
achieve node: 4,1,0,0
********Period         134********
achieve node: 0,0
achieve node: 4,1
achieve node: 4,1,0
achieve node: 4,1,0,0
achieve node: 7,1
********Period         135********
achieve node: 0,0
achieve node: 7,1
achieve node: 4,1
achieve node: 4,1,0
achieve node: 4,1,0,0
********Period         136********
achieve node: 0,0
achieve node: 4,1
achieve node: 4,1,0
achieve node: 4,1,0,0
achieve node: 7,1
********Period         137********
achieve node: 0,0
achieve node: 7,1
achieve node: 4,1
achieve node: 4,1,0
achieve node: 4,1,0,0
********Period         138********
achieve node: 0,0
achieve node: 4,1
achieve node: 4,1,0
achieve node: 4,1,0,0
achieve node: 7,1
********Period         139********
achieve node: 0,0
achieve node: 7,1
achieve node: 4,1
achieve node: 4,1,0
achieve node: 4,1,0,0
********Period         140********
achieve node: 0,0
achieve node: 4,1
achieve node: 4,1,0
achieve node: 4,1,0,0
achieve node: 7,1
********Period         141********
achieve node: 0,0
achieve node: 7,1
achieve node: 4,1
achieve node: 4,1,0
achieve node: 4,1,0,0
********Period         142********
achieve node: 0,0
achieve node: 4,1
achieve node: 4,1,0
achieve node: 4,1,0,0
achieve node: 7,1
********Period         143********
achieve node: 0,0
achieve node: 7,1
achieve node: 4,1
achieve node: 4,1,0
achieve node: 4,1,0,0
********Period         144********
achieve node: 0,0
achieve node: 4,1
achieve node: 4,1,0
achieve node: 4,1,0,0
achieve node: 7,1
********Period         145********
achieve node: 0,0
achieve node: 7,1
achieve node: 4,1
achieve node: 4,1,0
achieve node: 4,1,0,0
********Period         146********
achieve node: 0,0
achieve node: 4,1
achieve node: 4,1,0
achieve node: 4,1,0,0
achieve node: 7,1
********Period         147********
achieve node: 0,0
achieve node: 7,1
achieve node: 4,1
achieve node: 4,1,0
achieve node: 4,1,0,0
********Period         148********
achieve node: 0,0
achieve node: 4,1
achieve node: 4,1,0
achieve node: 4,1,0,0
achieve node: 7,1
********Period         149********
achieve node: 0,0
achieve node: 7,1
achieve node: 4,1
achieve node: 4,1,0
achieve node: 4,1,0,0
********Period         150********
achieve node: 0,0
achieve node: 4,1
achieve node: 4,1,0
achieve node: 4,1,0,0
achieve node: 7,1
********Period         151********
achieve node: 0,0
achieve node: 7,1
achieve node: 4,1
achieve node: 4,1,0
achieve node: 4,1,0,0
********Period         152********
achieve node: 0,0
achieve node: 4,1
achieve node: 4,1,0
achieve node: 4,1,0,0
achieve node: 7,1
********Period         153********
achieve node: 0,0
achieve node: 7,1
achieve node: 4,1
achieve node: 4,1,0
achieve node: 4,1,0,0
********Period         154********
achieve node: 0,0
achieve node: 4,1
achieve node: 4,1,0
achieve node: 4,1,0,0
achieve node: 7,1
********Period         155********
achieve node: 0,0
achieve node: 7,1
achieve node: 4,1
achieve node: 4,1,0
achieve node: 4,1,0,0
********Period         156********
achieve node: 0,0
achieve node: 4,1
achieve node: 4,1,0
achieve node: 4,1,0,0
achieve node: 7,1
********Period         157********
achieve node: 0,0
achieve node: 7,1
achieve node: 4,1
achieve node: 4,1,0
achieve node: 4,1,0,0
********Period         158********
achieve node: 0,0
achieve node: 4,1
achieve node: 4,1,0
achieve node: 4,1,0,0
achieve node: 7,1
********Period         159********
achieve node: 0,0
achieve node: 7,1
achieve node: 4,1
achieve node: 4,1,0
achieve node: 4,1,0,0
********Period         160********
achieve node: 0,0
achieve node: 4,1
achieve node: 4,1,0
achieve node: 4,1,0,0
achieve node: 7,1
********Period         161********
achieve node: 0,0
achieve node: 7,1
achieve node: 4,1
achieve node: 4,1,0
achieve node: 4,1,0,0
********Period         162********
achieve node: 0,0
achieve node: 4,1
achieve node: 4,1,0
achieve node: 4,1,0,0
achieve node: 7,1
********Period         163********
achieve node: 0,0
achieve node: 7,1
achieve node: 4,1
achieve node: 4,1,0
achieve node: 4,1,0,0
********Period         164********
achieve node: 0,0
achieve node: 4,1
achieve node: 4,1,0
achieve node: 4,1,0,0
achieve node: 7,1
********Period         165********
achieve node: 0,0
achieve node: 7,1
achieve node: 4,1
achieve node: 4,1,0
achieve node: 4,1,0,0
********Period         166********
achieve node: 0,0
achieve node: 4,1
achieve node: 4,1,0
achieve node: 4,1,0,0
achieve node: 7,1
********Period         167********
achieve node: 0,0
achieve node: 7,1
achieve node: 4,1
achieve node: 4,1,0
achieve node: 4,1,0,0
********Period         168********
achieve node: 0,0
achieve node: 4,1
achieve node: 4,1,0
achieve node: 4,1,0,0
achieve node: 7,1
********Period         169********
achieve node: 0,0
achieve node: 7,1
achieve node: 4,1
achieve node: 4,1,0
achieve node: 4,1,0,0
********Period         170********
achieve node: 0,0
achieve node: 4,1
achieve node: 4,1,0
achieve node: 4,1,0,0
achieve node: 7,1
********Period         171********
achieve node: 0,0
achieve node: 7,1
achieve node: 4,1
achieve node: 4,1,0
achieve node: 4,1,0,0
********Period         172********
achieve node: 0,0
achieve node: 4,1
achieve node: 4,1,0
achieve node: 4,1,0,0
achieve node: 7,1
********Period         173********
achieve node: 0,0
achieve node: 7,1
achieve node: 4,1
achieve node: 4,1,0
achieve node: 4,1,0,0
********Period         174********
achieve node: 0,0
achieve node: 4,1
achieve node: 4,1,0
achieve node: 4,1,0,0
achieve node: 7,1
********Period         175********
achieve node: 0,0
achieve node: 7,1
achieve node: 4,1
achieve node: 4,1,0
achieve node: 4,1,0,0
********Period         176********
achieve node: 0,0
achieve node: 4,1
achieve node: 4,1,0
achieve node: 4,1,0,0
achieve node: 7,1
********Period         177********
achieve node: 0,0
achieve node: 7,1
achieve node: 4,1
achieve node: 4,1,0
achieve node: 4,1,0,0
********Period         178********
achieve node: 0,0
achieve node: 4,1
achieve node: 4,1,0
achieve node: 4,1,0,0
achieve node: 7,1
********Period         179********
achieve node: 0,0
achieve node: 7,1
achieve node: 4,1
achieve node: 4,1,0
achieve node: 4,1,0,0
********Period         180********
achieve node: 0,0
achieve node: 4,1
achieve node: 4,1,0
achieve node: 4,1,0,0
achieve node: 7,1
********Period         181********
achieve node: 0,0
achieve node: 7,1
achieve node: 4,1
achieve node: 4,1,0
achieve node: 4,1,0,0
********Period         182********
achieve node: 0,0
achieve node: 4,1
achieve node: 4,1,0
achieve node: 4,1,0,0
achieve node: 7,1
********Period         183********
achieve node: 0,0
achieve node: 7,1
achieve node: 4,1
achieve node: 4,1,0
achieve node: 4,1,0,0
********Period         184********
achieve node: 0,0
achieve node: 4,1
achieve node: 4,1,0
achieve node: 4,1,0,0
achieve node: 7,1
********Period         185********
achieve node: 0,0
achieve node: 7,1
achieve node: 4,1
achieve node: 4,1,0
achieve node: 4,1,0,0
********Period         186********
achieve node: 0,0
achieve node: 4,1
achieve node: 4,1,0
achieve node: 4,1,0,0
achieve node: 7,1
********Period         187********
achieve node: 0,0
achieve node: 7,1
achieve node: 4,1
achieve node: 4,1,0
achieve node: 4,1,0,0
********Period         188********
achieve node: 0,0
achieve node: 4,1
achieve node: 4,1,0
achieve node: 4,1,0,0
achieve node: 7,1
********Period         189********
achieve node: 0,0
achieve node: 7,1
achieve node: 4,1
achieve node: 4,1,0
achieve node: 4,1,0,0
********Period         190********
achieve node: 0,0
achieve node: 4,1
achieve node: 4,1,0
achieve node: 4,1,0,0
achieve node: 7,1
********Period         191********
achieve node: 0,0
achieve node: 7,1
achieve node: 4,1
achieve node: 4,1,0
achieve node: 4,1,0,0
********Period         192********
achieve node: 0,0
achieve node: 4,1
achieve node: 4,1,0
achieve node: 4,1,0,0
achieve node: 7,1
********Period         193********
achieve node: 0,0
achieve node: 7,1
achieve node: 4,1
achieve node: 4,1,0
achieve node: 4,1,0,0
********Period         194********
achieve node: 0,0
achieve node: 4,1
achieve node: 4,1,0
achieve node: 4,1,0,0
achieve node: 7,1
********Period         195********
achieve node: 0,0
achieve node: 7,1
achieve node: 4,1
achieve node: 4,1,0
achieve node: 4,1,0,0
********Period         196********
achieve node: 0,0
achieve node: 4,1
achieve node: 4,1,0
achieve node: 4,1,0,0
achieve node: 7,1
********Period         197********
achieve node: 0,0
achieve node: 7,1
achieve node: 4,1
achieve node: 4,1,0
achieve node: 4,1,0,0
********Period         198********
achieve node: 0,0
achieve node: 4,1
achieve node: 4,1,0
achieve node: 4,1,0,0
achieve node: 7,1
********Period         199********
achieve node: 0,0
achieve node: 7,1
achieve node: 4,1
achieve node: 4,1,0
achieve node: 4,1,0,0
********Period         200********
achieve node: 0,0
achieve node: 0,0,0,1
achieve node: 4,1
achieve node: 4,1,0
achieve node: 4,1,0,1
achieve node: 7,1
********Period         201********
achieve node: 0,0
achieve node: 7,1
achieve node: 4,1
achieve node: 4,1,0
achieve node: 4,1,0,1
********Period         202********
achieve node: 0,0
achieve node: 4,1
achieve node: 4,1,0
achieve node: 4,1,0,1
achieve node: 7,1
********Period         203********
achieve node: 0,0
achieve node: 7,1
achieve node: 4,1
achieve node: 4,1,0
achieve node: 4,1,0,1
********Period         204********
achieve node: 0,0
achieve node: 4,1
achieve node: 4,1,0
achieve node: 4,1,0,1
achieve node: 7,1
********Period         205********
achieve node: 0,0
achieve node: 7,1
achieve node: 4,1
achieve node: 4,1,0
achieve node: 4,1,0,1
********Period         206********
achieve node: 0,0
achieve node: 4,1
achieve node: 4,1,0
achieve node: 4,1,0,1
achieve node: 7,1
********Period         207********
achieve node: 0,0
achieve node: 7,1
achieve node: 4,1
achieve node: 4,1,0
achieve node: 4,1,0,1
********Period         208********
achieve node: 0,0
achieve node: 4,1
achieve node: 4,1,0
achieve node: 4,1,0,1
achieve node: 7,1
********Period         209********
achieve node: 0,0
achieve node: 7,1
achieve node: 4,1
achieve node: 4,1,0
achieve node: 4,1,0,1
********Period         210********
achieve node: 0,0
achieve node: 4,1
achieve node: 4,1,0
achieve node: 4,1,0,1
achieve node: 7,1
********Period         211********
achieve node: 0,0
achieve node: 7,1
achieve node: 4,1
achieve node: 4,1,0
achieve node: 4,1,0,1
********Period         212********
achieve node: 0,0
achieve node: 4,1
achieve node: 4,1,0
achieve node: 4,1,0,1
achieve node: 7,1
********Period         213********
achieve node: 0,0
achieve node: 7,1
achieve node: 4,1
achieve node: 4,1,0
achieve node: 4,1,0,1
********Period         214********
achieve node: 0,0
achieve node: 4,1
achieve node: 4,1,0
achieve node: 4,1,0,1
achieve node: 7,1
********Period         215********
achieve node: 0,0
achieve node: 7,1
achieve node: 4,1
achieve node: 4,1,0
achieve node: 4,1,0,1
********Period         216********
achieve node: 0,0
achieve node: 4,1
achieve node: 4,1,0
achieve node: 4,1,0,1
achieve node: 7,1
********Period         217********
achieve node: 0,0
achieve node: 7,1
achieve node: 4,1
achieve node: 4,1,0
achieve node: 4,1,0,1
********Period         218********
achieve node: 0,0
achieve node: 4,1
achieve node: 4,1,0
achieve node: 4,1,0,1
achieve node: 7,1
********Period         219********
achieve node: 0,0
achieve node: 7,1
achieve node: 4,1
achieve node: 4,1,0
achieve node: 4,1,0,1
********Period         220********
achieve node: 0,0
achieve node: 4,1
achieve node: 4,1,0
achieve node: 4,1,0,1
achieve node: 7,1
********Period         221********
achieve node: 0,0
achieve node: 7,1
achieve node: 4,1
achieve node: 4,1,0
achieve node: 4,1,0,1
********Period         222********
achieve node: 0,0
achieve node: 4,1
achieve node: 4,1,0
achieve node: 4,1,0,1
achieve node: 7,1
********Period         223********
achieve node: 0,0
achieve node: 7,1
achieve node: 4,1
achieve node: 4,1,0
achieve node: 4,1,0,1
********Period         224********
achieve node: 0,0
achieve node: 4,1
achieve node: 4,1,0
achieve node: 4,1,0,1
achieve node: 7,1
********Period         225********
achieve node: 0,0
achieve node: 7,1
achieve node: 4,1
achieve node: 4,1,0
achieve node: 4,1,0,1
********Period         226********
achieve node: 0,0
achieve node: 4,1
achieve node: 4,1,0
achieve node: 4,1,0,1
achieve node: 7,1
********Period         227********
achieve node: 0,0
achieve node: 7,1
achieve node: 4,1
achieve node: 4,1,0
achieve node: 4,1,0,1
********Period         228********
achieve node: 0,0
achieve node: 4,1
achieve node: 4,1,0
achieve node: 4,1,0,1
achieve node: 7,1
********Period         229********
achieve node: 0,0
achieve node: 7,1
achieve node: 4,1
achieve node: 4,1,0
achieve node: 4,1,0,1
********Period         230********
achieve node: 0,0
achieve node: 4,1
achieve node: 4,1,0
achieve node: 4,1,0,1
achieve node: 7,1
********Period         231********
achieve node: 0,0
achieve node: 7,1
achieve node: 4,1
achieve node: 4,1,0
achieve node: 4,1,0,1
********Period         232********
achieve node: 0,0
achieve node: 4,1
achieve node: 4,1,0
achieve node: 4,1,0,1
achieve node: 7,1
********Period         233********
achieve node: 0,0
achieve node: 7,1
achieve node: 4,1
achieve node: 4,1,0
achieve node: 4,1,0,1
********Period         234********
achieve node: 0,0
achieve node: 4,1
achieve node: 4,1,0
achieve node: 4,1,0,1
achieve node: 7,1
********Period         235********
achieve node: 0,0
achieve node: 7,1
achieve node: 4,1
achieve node: 4,1,0
achieve node: 4,1,0,1
********Period         236********
achieve node: 0,0
achieve node: 4,1
achieve node: 4,1,0
achieve node: 4,1,0,1
achieve node: 7,1
********Period         237********
achieve node: 0,0
achieve node: 7,1
achieve node: 4,1
achieve node: 4,1,0
achieve node: 4,1,0,1
********Period         238********
achieve node: 0,0
achieve node: 4,1
achieve node: 4,1,0
achieve node: 4,1,0,1
achieve node: 7,1
********Period         239********
achieve node: 0,0
achieve node: 7,1
achieve node: 4,1
achieve node: 4,1,0
achieve node: 4,1,0,1
********Period         240********
achieve node: 0,0
achieve node: 4,1
achieve node: 4,1,0
achieve node: 4,1,0,1
achieve node: 7,1
********Period         241********
achieve node: 0,0
achieve node: 7,1
achieve node: 4,1
achieve node: 4,1,0
achieve node: 4,1,0,1
********Period         242********
achieve node: 0,0
achieve node: 4,1
achieve node: 4,1,0
achieve node: 4,1,0,1
achieve node: 7,1
********Period         243********
achieve node: 0,0
achieve node: 7,1
achieve node: 4,1
achieve node: 4,1,0
achieve node: 4,1,0,1
********Period         244********
achieve node: 0,0
achieve node: 4,1
achieve node: 4,1,0
achieve node: 4,1,0,1
achieve node: 7,1
********Period         245********
achieve node: 0,0
achieve node: 7,1
achieve node: 4,1
achieve node: 4,1,0
achieve node: 4,1,0,1
********Period         246********
achieve node: 0,0
achieve node: 4,1
achieve node: 4,1,0
achieve node: 4,1,0,1
achieve node: 7,1
********Period         247********
achieve node: 0,0
achieve node: 7,1
achieve node: 4,1
achieve node: 4,1,0
achieve node: 4,1,0,1
********Period         248********
achieve node: 0,0
achieve node: 4,1
achieve node: 4,1,0
achieve node: 4,1,0,1
achieve node: 7,1
********Period         249********
achieve node: 0,0
achieve node: 7,1
achieve node: 4,1
achieve node: 4,1,0
achieve node: 4,1,0,1
********Period         250********
achieve node: 0,0
achieve node: 4,1
achieve node: 4,1,0
achieve node: 4,1,0,1
achieve node: 7,1
********Period         251********
achieve node: 0,0
achieve node: 7,1
achieve node: 4,1
achieve node: 4,1,0
achieve node: 4,1,0,1
********Period         252********
achieve node: 0,0
achieve node: 4,1
achieve node: 4,1,0
achieve node: 4,1,0,1
achieve node: 7,1
********Period         253********
achieve node: 0,0
achieve node: 7,1
achieve node: 4,1
achieve node: 4,1,0
achieve node: 4,1,0,1
********Period         254********
achieve node: 0,0
achieve node: 4,1
achieve node: 4,1,0
achieve node: 4,1,0,1
achieve node: 7,1
********Period         255********
achieve node: 0,0
achieve node: 7,1
achieve node: 4,1
achieve node: 4,1,0
achieve node: 4,1,0,1
********Period         256********
achieve node: 0,0
achieve node: 4,1
achieve node: 4,1,0
achieve node: 4,1,0,1
achieve node: 7,1
********Period         257********
achieve node: 0,0
achieve node: 7,1
achieve node: 4,1
achieve node: 4,1,0
achieve node: 4,1,0,1
********Period         258********
achieve node: 0,0
achieve node: 4,1
achieve node: 4,1,0
achieve node: 4,1,0,1
achieve node: 7,1
********Period         259********
achieve node: 0,0
achieve node: 7,1
achieve node: 4,1
achieve node: 4,1,0
achieve node: 4,1,0,1
********Period         260********
achieve node: 0,0
achieve node: 4,1
achieve node: 4,1,0
achieve node: 4,1,0,1
achieve node: 7,1
********Period         261********
achieve node: 0,0
achieve node: 7,1
achieve node: 4,1
achieve node: 4,1,0
achieve node: 4,1,0,1
********Period         262********
achieve node: 0,0
achieve node: 4,1
achieve node: 4,1,0
achieve node: 4,1,0,1
achieve node: 7,1
********Period         263********
achieve node: 0,0
achieve node: 7,1
achieve node: 4,1
achieve node: 4,1,0
achieve node: 4,1,0,1
********Period         264********
achieve node: 0,0
achieve node: 4,1
achieve node: 4,1,0
achieve node: 4,1,0,1
achieve node: 7,1
********Period         265********
achieve node: 0,0
achieve node: 7,1
achieve node: 4,1
achieve node: 4,1,0
achieve node: 4,1,0,1
********Period         266********
achieve node: 0,0
achieve node: 4,1
achieve node: 4,1,0
achieve node: 4,1,0,1
achieve node: 7,1
********Period         267********
achieve node: 0,0
achieve node: 7,1
achieve node: 4,1
achieve node: 4,1,0
achieve node: 4,1,0,1
********Period         268********
achieve node: 0,0
achieve node: 4,1
achieve node: 4,1,0
achieve node: 4,1,0,1
achieve node: 7,1
********Period         269********
achieve node: 0,0
achieve node: 7,1
achieve node: 4,1
achieve node: 4,1,0
achieve node: 4,1,0,1
********Period         270********
achieve node: 0,0
achieve node: 4,1
achieve node: 4,1,0
achieve node: 4,1,0,1
achieve node: 7,1
********Period         271********
achieve node: 0,0
achieve node: 7,1
achieve node: 4,1
achieve node: 4,1,0
achieve node: 4,1,0,1
********Period         272********
achieve node: 0,0
achieve node: 4,1
achieve node: 4,1,0
achieve node: 4,1,0,1
achieve node: 7,1
********Period         273********
achieve node: 0,0
achieve node: 7,1
achieve node: 4,1
achieve node: 4,1,0
achieve node: 4,1,0,1
********Period         274********
achieve node: 0,0
achieve node: 4,1
achieve node: 4,1,0
achieve node: 4,1,0,1
achieve node: 7,1
********Period         275********
achieve node: 0,0
achieve node: 7,1
achieve node: 4,1
achieve node: 4,1,0
achieve node: 4,1,0,1
********Period         276********
achieve node: 0,0
achieve node: 4,1
achieve node: 4,1,0
achieve node: 4,1,0,1
achieve node: 7,1
********Period         277********
achieve node: 0,0
achieve node: 7,1
achieve node: 4,1
achieve node: 4,1,0
achieve node: 4,1,0,1
********Period         278********
achieve node: 0,0
achieve node: 4,1
achieve node: 4,1,0
achieve node: 4,1,0,1
achieve node: 7,1
********Period         279********
achieve node: 0,0
achieve node: 7,1
achieve node: 4,1
achieve node: 4,1,0
achieve node: 4,1,0,1
********Period         280********
achieve node: 0,0
achieve node: 4,1
achieve node: 4,1,0
achieve node: 4,1,0,1
achieve node: 7,1
********Period         281********
achieve node: 0,0
achieve node: 7,1
achieve node: 4,1
achieve node: 4,1,0
achieve node: 4,1,0,1
********Period         282********
achieve node: 0,0
achieve node: 4,1
achieve node: 4,1,0
achieve node: 4,1,0,1
achieve node: 7,1
********Period         283********
achieve node: 0,0
achieve node: 7,1
achieve node: 4,1
achieve node: 4,1,0
achieve node: 4,1,0,1
********Period         284********
achieve node: 0,0
achieve node: 4,1
achieve node: 4,1,0
achieve node: 4,1,0,1
achieve node: 7,1
********Period         285********
achieve node: 0,0
achieve node: 7,1
achieve node: 4,1
achieve node: 4,1,0
achieve node: 4,1,0,1
********Period         286********
achieve node: 0,0
achieve node: 4,1
achieve node: 4,1,0
achieve node: 4,1,0,1
achieve node: 7,1
********Period         287********
achieve node: 0,0
achieve node: 7,1
achieve node: 4,1
achieve node: 4,1,0
achieve node: 4,1,0,1
********Period         288********
achieve node: 0,0
achieve node: 4,1
achieve node: 4,1,0
achieve node: 4,1,0,1
achieve node: 7,1
********Period         289********
achieve node: 0,0
achieve node: 7,1
achieve node: 4,1
achieve node: 4,1,0
achieve node: 4,1,0,1
********Period         290********
achieve node: 0,0
achieve node: 4,1
achieve node: 4,1,0
achieve node: 4,1,0,1
achieve node: 7,1
********Period         291********
achieve node: 0,0
achieve node: 7,1
achieve node: 4,1
achieve node: 4,1,0
achieve node: 4,1,0,1
********Period         292********
achieve node: 0,0
achieve node: 4,1
achieve node: 4,1,0
achieve node: 4,1,0,1
achieve node: 7,1
********Period         293********
achieve node: 0,0
achieve node: 7,1
achieve node: 4,1
achieve node: 4,1,0
achieve node: 4,1,0,1
********Period         294********
achieve node: 0,0
achieve node: 4,1
achieve node: 4,1,0
achieve node: 4,1,0,1
achieve node: 7,1
********Period         295********
achieve node: 0,0
achieve node: 7,1
achieve node: 4,1
achieve node: 4,1,0
achieve node: 4,1,0,1
********Period         296********
achieve node: 0,0
achieve node: 4,1
achieve node: 4,1,0
achieve node: 4,1,0,1
achieve node: 7,1
********Period         297********
achieve node: 0,0
achieve node: 7,1
achieve node: 4,1
achieve node: 4,1,0
achieve node: 4,1,0,1
********Period         298********
achieve node: 0,0
achieve node: 4,1
achieve node: 4,1,0
achieve node: 4,1,0,1
achieve node: 7,1
********Period         299********
achieve node: 0,0
achieve node: 7,1
achieve node: 4,1
achieve node: 4,1,0
achieve node: 4,1,0,1
********Period         300********
achieve node: 0,0
achieve node: 4,1
achieve node: 4,1,0
achieve node: 4,1,0,1
achieve node: 7,1
********Period         301********
achieve node: 0,0
achieve node: 7,1
achieve node: 4,1
achieve node: 4,1,0
achieve node: 4,1,0,1
********Period         302********
achieve node: 0,0
achieve node: 4,1
achieve node: 4,1,0
achieve node: 4,1,0,1
achieve node: 7,1
********Period         303********
achieve node: 0,0
achieve node: 7,1
achieve node: 4,1
achieve node: 4,1,0
achieve node: 4,1,0,1
********Period         304********
achieve node: 0,0
achieve node: 4,1
achieve node: 4,1,0
achieve node: 4,1,0,1
achieve node: 7,1
********Period         305********
achieve node: 0,0
achieve node: 7,1
achieve node: 4,1
achieve node: 4,1,0
achieve node: 4,1,0,1
********Period         306********
achieve node: 0,0
achieve node: 4,1
achieve node: 4,1,0
achieve node: 4,1,0,1
achieve node: 7,1
********Period         307********
achieve node: 0,0
achieve node: 7,1
achieve node: 4,1
achieve node: 4,1,0
achieve node: 4,1,0,1
********Period         308********
achieve node: 0,0
achieve node: 4,1
achieve node: 4,1,0
achieve node: 4,1,0,1
achieve node: 7,1
********Period         309********
achieve node: 0,0
achieve node: 7,1
achieve node: 4,1
achieve node: 4,1,0
achieve node: 4,1,0,1
********Period         310********
achieve node: 0,0
achieve node: 4,1
achieve node: 4,1,0
achieve node: 4,1,0,1
achieve node: 7,1
********Period         311********
achieve node: 0,0
achieve node: 7,1
achieve node: 4,1
achieve node: 4,1,0
achieve node: 4,1,0,1
********Period         312********
achieve node: 0,0
achieve node: 4,1
achieve node: 4,1,0
achieve node: 4,1,0,1
achieve node: 7,1
********Period         313********
achieve node: 0,0
achieve node: 7,1
achieve node: 4,1
achieve node: 4,1,0
achieve node: 4,1,0,1
********Period         314********
achieve node: 0,0
achieve node: 4,1
achieve node: 4,1,0
achieve node: 4,1,0,1
achieve node: 7,1
********Period         315********
achieve node: 0,0
achieve node: 7,1
achieve node: 4,1
achieve node: 4,1,0
achieve node: 4,1,0,1
********Period         316********
achieve node: 0,0
achieve node: 4,1
achieve node: 4,1,0
achieve node: 4,1,0,1
achieve node: 7,1
********Period         317********
achieve node: 0,0
achieve node: 7,1
achieve node: 4,1
achieve node: 4,1,0
achieve node: 4,1,0,1
********Period         318********
achieve node: 0,0
achieve node: 4,1
achieve node: 4,1,0
achieve node: 4,1,0,1
achieve node: 7,1
********Period         319********
achieve node: 0,0
achieve node: 7,1
achieve node: 4,1
achieve node: 4,1,0
achieve node: 4,1,0,1
********Period         320********
achieve node: 0,0
achieve node: 4,1
achieve node: 4,1,0
achieve node: 4,1,0,1
achieve node: 7,1
********Period         321********
achieve node: 0,0
achieve node: 7,1
achieve node: 4,1
achieve node: 4,1,0
achieve node: 4,1,0,1
********Period         322********
achieve node: 0,0
achieve node: 4,1
achieve node: 4,1,0
achieve node: 4,1,0,1
achieve node: 7,1
********Period         323********
achieve node: 0,0
achieve node: 7,1
achieve node: 4,1
achieve node: 4,1,0
achieve node: 4,1,0,1
********Period         324********
achieve node: 0,0
achieve node: 4,1
achieve node: 4,1,0
achieve node: 4,1,0,1
achieve node: 7,1
********Period         325********
achieve node: 0,0
achieve node: 7,1
achieve node: 4,1
achieve node: 4,1,0
achieve node: 4,1,0,1
********Period         326********
achieve node: 0,0
achieve node: 4,1
achieve node: 4,1,0
achieve node: 4,1,0,1
achieve node: 7,1
********Period         327********
achieve node: 0,0
achieve node: 7,1
achieve node: 4,1
achieve node: 4,1,0
achieve node: 4,1,0,1
********Period         328********
achieve node: 0,0
achieve node: 4,1
achieve node: 4,1,0
achieve node: 4,1,0,1
achieve node: 7,1
********Period         329********
achieve node: 0,0
achieve node: 7,1
achieve node: 4,1
achieve node: 4,1,0
achieve node: 4,1,0,1
********Period         330********
achieve node: 0,0
achieve node: 4,1
achieve node: 4,1,0
achieve node: 4,1,0,1
achieve node: 7,1
********Period         331********
achieve node: 0,0
achieve node: 7,1
achieve node: 4,1
achieve node: 4,1,0
achieve node: 4,1,0,1
********Period         332********
achieve node: 0,0
achieve node: 4,1
achieve node: 4,1,0
achieve node: 4,1,0,1
achieve node: 7,1
********Period         333********
achieve node: 0,0
achieve node: 7,1
achieve node: 4,1
achieve node: 4,1,0
achieve node: 4,1,0,1
********Period         334********
achieve node: 0,0
achieve node: 4,1
achieve node: 4,1,0
achieve node: 4,1,0,1
achieve node: 7,1
********Period         335********
achieve node: 0,0
achieve node: 7,1
achieve node: 4,1
achieve node: 4,1,0
achieve node: 4,1,0,1
********Period         336********
achieve node: 0,0
achieve node: 4,1
achieve node: 4,1,0
achieve node: 4,1,0,1
achieve node: 7,1
********Period         337********
achieve node: 0,0
achieve node: 7,1
achieve node: 4,1
achieve node: 4,1,0
achieve node: 4,1,0,1
********Period         338********
achieve node: 0,0
achieve node: 4,1
achieve node: 4,1,0
achieve node: 4,1,0,1
achieve node: 7,1
********Period         339********
achieve node: 0,0
achieve node: 7,1
achieve node: 4,1
achieve node: 4,1,0
achieve node: 4,1,0,1
********Period         340********
achieve node: 0,0
achieve node: 4,1
achieve node: 4,1,0
achieve node: 4,1,0,1
achieve node: 7,1
********Period         341********
achieve node: 0,0
achieve node: 7,1
achieve node: 4,1
achieve node: 4,1,0
achieve node: 4,1,0,1
********Period         342********
achieve node: 0,0
achieve node: 4,1
achieve node: 4,1,0
achieve node: 4,1,0,1
achieve node: 7,1
********Period         343********
achieve node: 0,0
achieve node: 7,1
achieve node: 4,1
achieve node: 4,1,0
achieve node: 4,1,0,1
********Period         344********
achieve node: 0,0
achieve node: 4,1
achieve node: 4,1,0
achieve node: 4,1,0,1
achieve node: 7,1
********Period         345********
achieve node: 0,0
achieve node: 7,1
achieve node: 4,1
achieve node: 4,1,0
achieve node: 4,1,0,1
********Period         346********
achieve node: 0,0
achieve node: 4,1
achieve node: 4,1,0
achieve node: 4,1,0,1
achieve node: 7,1
********Period         347********
achieve node: 0,0
achieve node: 7,1
achieve node: 4,1
achieve node: 4,1,0
achieve node: 4,1,0,1
********Period         348********
achieve node: 0,0
achieve node: 4,1
achieve node: 4,1,0
achieve node: 4,1,0,1
achieve node: 7,1
********Period         349********
achieve node: 0,0
achieve node: 7,1
achieve node: 4,1
achieve node: 4,1,0
achieve node: 4,1,0,1
********Period         350********
achieve node: 0,0
achieve node: 4,1
achieve node: 4,1,0
achieve node: 4,1,0,1
achieve node: 7,1
********Period         351********
achieve node: 0,0
achieve node: 7,1
achieve node: 4,1
achieve node: 4,1,0
achieve node: 4,1,0,1
********Period         352********
achieve node: 0,0
achieve node: 4,1
achieve node: 4,1,0
achieve node: 4,1,0,1
achieve node: 7,1
********Period         353********
achieve node: 0,0
achieve node: 7,1
achieve node: 4,1
achieve node: 4,1,0
achieve node: 4,1,0,1
********Period         354********
achieve node: 0,0
achieve node: 4,1
achieve node: 4,1,0
achieve node: 4,1,0,1
achieve node: 7,1
********Period         355********
achieve node: 0,0
achieve node: 7,1
achieve node: 4,1
achieve node: 4,1,0
achieve node: 4,1,0,1
********Period         356********
achieve node: 0,0
achieve node: 4,1
achieve node: 4,1,0
achieve node: 4,1,0,1
achieve node: 7,1
********Period         357********
achieve node: 0,0
achieve node: 7,1
achieve node: 4,1
achieve node: 4,1,0
achieve node: 4,1,0,1
********Period         358********
achieve node: 0,0
achieve node: 4,1
achieve node: 4,1,0
achieve node: 4,1,0,1
achieve node: 7,1
********Period         359********
achieve node: 0,0
achieve node: 7,1
achieve node: 4,1
achieve node: 4,1,0
achieve node: 4,1,0,1
********Period         360********
achieve node: 0,0
achieve node: 4,1
achieve node: 4,1,0
achieve node: 4,1,0,1
achieve node: 7,1
********Period         361********
achieve node: 0,0
achieve node: 7,1
achieve node: 4,1
achieve node: 4,1,0
achieve node: 4,1,0,1
********Period         362********
achieve node: 0,0
achieve node: 4,1
achieve node: 4,1,0
achieve node: 4,1,0,1
achieve node: 7,1
********Period         363********
achieve node: 0,0
achieve node: 7,1
achieve node: 4,1
achieve node: 4,1,0
achieve node: 4,1,0,1
********Period         364********
achieve node: 0,0
achieve node: 4,1
achieve node: 4,1,0
achieve node: 4,1,0,1
achieve node: 7,1
********Period         365********
achieve node: 0,0
achieve node: 7,1
achieve node: 4,1
achieve node: 4,1,0
achieve node: 4,1,0,1
********Period         366********
achieve node: 0,0
achieve node: 4,1
achieve node: 4,1,0
achieve node: 4,1,0,1
achieve node: 7,1
********Period         367********
achieve node: 0,0
achieve node: 7,1
achieve node: 4,1
achieve node: 4,1,0
achieve node: 4,1,0,1
********Period         368********
achieve node: 0,0
achieve node: 4,1
achieve node: 4,1,0
achieve node: 4,1,0,1
achieve node: 7,1
********Period         369********
achieve node: 0,0
achieve node: 7,1
achieve node: 4,1
achieve node: 4,1,0
achieve node: 4,1,0,1
********Period         370********
achieve node: 0,0
achieve node: 4,1
achieve node: 4,1,0
achieve node: 4,1,0,1
achieve node: 7,1
********Period         371********
achieve node: 0,0
achieve node: 7,1
achieve node: 4,1
achieve node: 4,1,0
achieve node: 4,1,0,1
********Period         372********
achieve node: 0,0
achieve node: 4,1
achieve node: 4,1,0
achieve node: 4,1,0,1
achieve node: 7,1
********Period         373********
achieve node: 0,0
achieve node: 7,1
achieve node: 4,1
achieve node: 4,1,0
achieve node: 4,1,0,1
********Period         374********
achieve node: 0,0
achieve node: 4,1
achieve node: 4,1,0
achieve node: 4,1,0,1
achieve node: 7,1
********Period         375********
achieve node: 0,0
achieve node: 7,1
achieve node: 4,1
achieve node: 4,1,0
achieve node: 4,1,0,1
********Period         376********
achieve node: 0,0
achieve node: 4,1
achieve node: 4,1,0
achieve node: 4,1,0,1
achieve node: 7,1
********Period         377********
achieve node: 0,0
achieve node: 7,1
achieve node: 4,1
achieve node: 4,1,0
achieve node: 4,1,0,1
********Period         378********
achieve node: 0,0
achieve node: 4,1
achieve node: 4,1,0
achieve node: 4,1,0,1
achieve node: 7,1
********Period         379********
achieve node: 0,0
achieve node: 7,1
achieve node: 4,1
achieve node: 4,1,0
achieve node: 4,1,0,1
********Period         380********
achieve node: 0,0
achieve node: 4,1
achieve node: 4,1,0
achieve node: 4,1,0,1
achieve node: 7,1
********Period         381********
achieve node: 0,0
achieve node: 7,1
achieve node: 4,1
achieve node: 4,1,0
achieve node: 4,1,0,1
********Period         382********
achieve node: 0,0
achieve node: 4,1
achieve node: 4,1,0
achieve node: 4,1,0,1
achieve node: 7,1
********Period         383********
achieve node: 0,0
achieve node: 7,1
achieve node: 4,1
achieve node: 4,1,0
achieve node: 4,1,0,1
********Period         384********
achieve node: 0,0
achieve node: 4,1
achieve node: 4,1,0
achieve node: 4,1,0,1
achieve node: 7,1
********Period         385********
achieve node: 0,0
achieve node: 7,1
achieve node: 4,1
achieve node: 4,1,0
achieve node: 4,1,0,1
********Period         386********
achieve node: 0,0
achieve node: 4,1
achieve node: 4,1,0
achieve node: 4,1,0,1
achieve node: 7,1
********Period         387********
achieve node: 0,0
achieve node: 7,1
achieve node: 4,1
achieve node: 4,1,0
achieve node: 4,1,0,1
********Period         388********
achieve node: 0,0
achieve node: 4,1
achieve node: 4,1,0
achieve node: 4,1,0,1
achieve node: 7,1
********Period         389********
achieve node: 0,0
achieve node: 7,1
achieve node: 4,1
achieve node: 4,1,0
achieve node: 4,1,0,1
********Period         390********
achieve node: 0,0
achieve node: 4,1
achieve node: 4,1,0
achieve node: 4,1,0,1
achieve node: 7,1
********Period         391********
achieve node: 0,0
achieve node: 7,1
achieve node: 4,1
achieve node: 4,1,0
achieve node: 4,1,0,1
********Period         392********
achieve node: 0,0
achieve node: 4,1
achieve node: 4,1,0
achieve node: 4,1,0,1
achieve node: 7,1
********Period         393********
achieve node: 0,0
achieve node: 7,1
achieve node: 4,1
achieve node: 4,1,0
achieve node: 4,1,0,1
********Period         394********
achieve node: 0,0
achieve node: 4,1
achieve node: 4,1,0
achieve node: 4,1,0,1
achieve node: 7,1
********Period         395********
achieve node: 0,0
achieve node: 7,1
achieve node: 4,1
achieve node: 4,1,0
achieve node: 4,1,0,1
********Period         396********
achieve node: 0,0
achieve node: 4,1
achieve node: 4,1,0
achieve node: 4,1,0,1
achieve node: 7,1
********Period         397********
achieve node: 0,0
achieve node: 7,1
achieve node: 4,1
achieve node: 4,1,0
achieve node: 4,1,0,1
********Period         398********
achieve node: 0,0
achieve node: 4,1
achieve node: 4,1,0
achieve node: 4,1,0,1
achieve node: 7,1
********Period         399********
achieve node: 0,0
achieve node: 7,1
achieve node: 4,1
achieve node: 4,1,0
achieve node: 4,1,0,1
d:/mylife_yanjiu/project/concolic_on_RTL/RTL/AES-T1000/AES-T1000_tb.v:43: $finish called at 4010000 (1ps)
