生成的输入激励序列：

Cycle 0:
  clk    = clk__0 ([未完全约束])
  rst    = rst__0 ([未完全约束])
  state  = 66814286504060421741230023322616923956 (0x3243F6A8885A308D313198A2E0370734)
  key    = key__0 ([未完全约束])

Cycle 1:
  clk    = clk__1 ([未完全约束])
  rst    = rst__1 ([未完全约束])
  state  = 88962710306127702866241727433142015 (0x112233445566778899AABBCCDDEEFF)
  key    = key__1 ([未完全约束])

Cycle 2:
  clk    = clk__2 ([未完全约束])
  rst    = rst__2 ([未完全约束])
  state  = 0 (0x0)
  key    = key__2 ([未完全约束])

Cycle 3:
  clk    = clk__3 ([未完全约束])
  rst    = rst__3 ([未完全约束])
  state  = 1 (0x1)
  key    = key__3 ([未完全约束])

Cycle 4:
  clk    = clk__4 ([未完全约束])
  rst    = rst__4 ([未完全约束])
  state  = state__4 ([未完全约束])
  key    = key__4 ([未完全约束])
