生成的输入激励序列：

Cycle 0:
  clk_i  = clk_i__0 ([未完全约束])
  wb_data_i = wb_data_i__0 ([未完全约束])
  wb_addr_i = wb_addr_i__0 ([未完全约束])
  wb_sel_i = wb_sel_i__0 ([未完全约束])
  wb_we_i = wb_we_i__0 ([未完全约束])
  wb_cyc_i = wb_cyc_i__0 ([未完全约束])
  wb_stb_i = wb_stb_i__0 ([未完全约束])
  s0_data_i = s0_data_i__0 ([未完全约束])
  s0_ack_i = s0_ack_i__0 ([未完全约束])
  s0_err_i = s0_err_i__0 ([未完全约束])
  s0_rty_i = s0_rty_i__0 ([未完全约束])
  s1_data_i = s1_data_i__0 ([未完全约束])
  s1_ack_i = s1_ack_i__0 ([未完全约束])
  s1_err_i = s1_err_i__0 ([未完全约束])
  s1_rty_i = s1_rty_i__0 ([未完全约束])
  s2_data_i = s2_data_i__0 ([未完全约束])
  s2_ack_i = s2_ack_i__0 ([未完全约束])
  s2_err_i = s2_err_i__0 ([未完全约束])
  s2_rty_i = s2_rty_i__0 ([未完全约束])
  s3_data_i = s3_data_i__0 ([未完全约束])
  s3_ack_i = s3_ack_i__0 ([未完全约束])
  s3_err_i = s3_err_i__0 ([未完全约束])
  s3_rty_i = s3_rty_i__0 ([未完全约束])
  s4_data_i = s4_data_i__0 ([未完全约束])
  s4_ack_i = s4_ack_i__0 ([未完全约束])
  s4_err_i = s4_err_i__0 ([未完全约束])
  s4_rty_i = s4_rty_i__0 ([未完全约束])
  s5_data_i = s5_data_i__0 ([未完全约束])
  s5_ack_i = s5_ack_i__0 ([未完全约束])
  s5_err_i = s5_err_i__0 ([未完全约束])
  s5_rty_i = s5_rty_i__0 ([未完全约束])
  s6_data_i = s6_data_i__0 ([未完全约束])
  s6_ack_i = s6_ack_i__0 ([未完全约束])
  s6_err_i = s6_err_i__0 ([未完全约束])
  s6_rty_i = s6_rty_i__0 ([未完全约束])
  s7_data_i = s7_data_i__0 ([未完全约束])
  s7_ack_i = s7_ack_i__0 ([未完全约束])
  s7_err_i = s7_err_i__0 ([未完全约束])
  s7_rty_i = s7_rty_i__0 ([未完全约束])
  s8_data_i = s8_data_i__0 ([未完全约束])
  s8_ack_i = s8_ack_i__0 ([未完全约束])
  s8_err_i = s8_err_i__0 ([未完全约束])
  s8_rty_i = s8_rty_i__0 ([未完全约束])
  s9_data_i = s9_data_i__0 ([未完全约束])
  s9_ack_i = s9_ack_i__0 ([未完全约束])
  s9_err_i = s9_err_i__0 ([未完全约束])
  s9_rty_i = s9_rty_i__0 ([未完全约束])
  s10_data_i = s10_data_i__0 ([未完全约束])
  s10_ack_i = s10_ack_i__0 ([未完全约束])
  s10_err_i = s10_err_i__0 ([未完全约束])
  s10_rty_i = s10_rty_i__0 ([未完全约束])
  s11_data_i = s11_data_i__0 ([未完全约束])
  s11_ack_i = s11_ack_i__0 ([未完全约束])
  s11_err_i = s11_err_i__0 ([未完全约束])
  s11_rty_i = s11_rty_i__0 ([未完全约束])
  s12_data_i = s12_data_i__0 ([未完全约束])
  s12_ack_i = s12_ack_i__0 ([未完全约束])
  s12_err_i = s12_err_i__0 ([未完全约束])
  s12_rty_i = s12_rty_i__0 ([未完全约束])
  s13_data_i = s13_data_i__0 ([未完全约束])
  s13_ack_i = s13_ack_i__0 ([未完全约束])
  s13_err_i = s13_err_i__0 ([未完全约束])
  s13_rty_i = s13_rty_i__0 ([未完全约束])
  s14_data_i = s14_data_i__0 ([未完全约束])
  s14_ack_i = s14_ack_i__0 ([未完全约束])
  s14_err_i = s14_err_i__0 ([未完全约束])
  s14_rty_i = s14_rty_i__0 ([未完全约束])
  s15_data_i = s15_data_i__0 ([未完全约束])
  s15_ack_i = s15_ack_i__0 ([未完全约束])
  s15_err_i = s15_err_i__0 ([未完全约束])
  s15_rty_i = s15_rty_i__0 ([未完全约束])

Cycle 1:
  clk_i  = clk_i__1 ([未完全约束])
  wb_data_i = 721075424 (0x2AFABCE0)
  wb_addr_i = wb_addr_i__1 ([未完全约束])
  wb_sel_i = wb_sel_i__1 ([未完全约束])
  wb_we_i = wb_we_i__1 ([未完全约束])
  wb_cyc_i = wb_cyc_i__1 ([未完全约束])
  wb_stb_i = wb_stb_i__1 ([未完全约束])
  s0_data_i = 508908204 (0x1E5552AC)
  s0_ack_i = s0_ack_i__1 ([未完全约束])
  s0_err_i = s0_err_i__1 ([未完全约束])
  s0_rty_i = s0_rty_i__1 ([未完全约束])
  s1_data_i = s1_data_i__1 ([未完全约束])
  s1_ack_i = s1_ack_i__1 ([未完全约束])
  s1_err_i = s1_err_i__1 ([未完全约束])
  s1_rty_i = s1_rty_i__1 ([未完全约束])
  s2_data_i = s2_data_i__1 ([未完全约束])
  s2_ack_i = s2_ack_i__1 ([未完全约束])
  s2_err_i = s2_err_i__1 ([未完全约束])
  s2_rty_i = s2_rty_i__1 ([未完全约束])
  s3_data_i = s3_data_i__1 ([未完全约束])
  s3_ack_i = s3_ack_i__1 ([未完全约束])
  s3_err_i = s3_err_i__1 ([未完全约束])
  s3_rty_i = s3_rty_i__1 ([未完全约束])
  s4_data_i = s4_data_i__1 ([未完全约束])
  s4_ack_i = s4_ack_i__1 ([未完全约束])
  s4_err_i = s4_err_i__1 ([未完全约束])
  s4_rty_i = s4_rty_i__1 ([未完全约束])
  s5_data_i = s5_data_i__1 ([未完全约束])
  s5_ack_i = s5_ack_i__1 ([未完全约束])
  s5_err_i = s5_err_i__1 ([未完全约束])
  s5_rty_i = s5_rty_i__1 ([未完全约束])
  s6_data_i = s6_data_i__1 ([未完全约束])
  s6_ack_i = s6_ack_i__1 ([未完全约束])
  s6_err_i = s6_err_i__1 ([未完全约束])
  s6_rty_i = s6_rty_i__1 ([未完全约束])
  s7_data_i = s7_data_i__1 ([未完全约束])
  s7_ack_i = s7_ack_i__1 ([未完全约束])
  s7_err_i = s7_err_i__1 ([未完全约束])
  s7_rty_i = s7_rty_i__1 ([未完全约束])
  s8_data_i = s8_data_i__1 ([未完全约束])
  s8_ack_i = s8_ack_i__1 ([未完全约束])
  s8_err_i = s8_err_i__1 ([未完全约束])
  s8_rty_i = s8_rty_i__1 ([未完全约束])
  s9_data_i = s9_data_i__1 ([未完全约束])
  s9_ack_i = s9_ack_i__1 ([未完全约束])
  s9_err_i = s9_err_i__1 ([未完全约束])
  s9_rty_i = s9_rty_i__1 ([未完全约束])
  s10_data_i = s10_data_i__1 ([未完全约束])
  s10_ack_i = s10_ack_i__1 ([未完全约束])
  s10_err_i = s10_err_i__1 ([未完全约束])
  s10_rty_i = s10_rty_i__1 ([未完全约束])
  s11_data_i = s11_data_i__1 ([未完全约束])
  s11_ack_i = s11_ack_i__1 ([未完全约束])
  s11_err_i = s11_err_i__1 ([未完全约束])
  s11_rty_i = s11_rty_i__1 ([未完全约束])
  s12_data_i = s12_data_i__1 ([未完全约束])
  s12_ack_i = s12_ack_i__1 ([未完全约束])
  s12_err_i = s12_err_i__1 ([未完全约束])
  s12_rty_i = s12_rty_i__1 ([未完全约束])
  s13_data_i = s13_data_i__1 ([未完全约束])
  s13_ack_i = s13_ack_i__1 ([未完全约束])
  s13_err_i = s13_err_i__1 ([未完全约束])
  s13_rty_i = s13_rty_i__1 ([未完全约束])
  s14_data_i = s14_data_i__1 ([未完全约束])
  s14_ack_i = s14_ack_i__1 ([未完全约束])
  s14_err_i = s14_err_i__1 ([未完全约束])
  s14_rty_i = s14_rty_i__1 ([未完全约束])
  s15_data_i = s15_data_i__1 ([未完全约束])
  s15_ack_i = s15_ack_i__1 ([未完全约束])
  s15_err_i = s15_err_i__1 ([未完全约束])
  s15_rty_i = s15_rty_i__1 ([未完全约束])

Cycle 2:
  clk_i  = clk_i__2 ([未完全约束])
  wb_data_i = wb_data_i__2 ([未完全约束])
  wb_addr_i = wb_addr_i__2 ([未完全约束])
  wb_sel_i = wb_sel_i__2 ([未完全约束])
  wb_we_i = wb_we_i__2 ([未完全约束])
  wb_cyc_i = wb_cyc_i__2 ([未完全约束])
  wb_stb_i = wb_stb_i__2 ([未完全约束])
  s0_data_i = s0_data_i__2 ([未完全约束])
  s0_ack_i = s0_ack_i__2 ([未完全约束])
  s0_err_i = s0_err_i__2 ([未完全约束])
  s0_rty_i = s0_rty_i__2 ([未完全约束])
  s1_data_i = s1_data_i__2 ([未完全约束])
  s1_ack_i = s1_ack_i__2 ([未完全约束])
  s1_err_i = s1_err_i__2 ([未完全约束])
  s1_rty_i = s1_rty_i__2 ([未完全约束])
  s2_data_i = s2_data_i__2 ([未完全约束])
  s2_ack_i = s2_ack_i__2 ([未完全约束])
  s2_err_i = s2_err_i__2 ([未完全约束])
  s2_rty_i = s2_rty_i__2 ([未完全约束])
  s3_data_i = s3_data_i__2 ([未完全约束])
  s3_ack_i = s3_ack_i__2 ([未完全约束])
  s3_err_i = s3_err_i__2 ([未完全约束])
  s3_rty_i = s3_rty_i__2 ([未完全约束])
  s4_data_i = s4_data_i__2 ([未完全约束])
  s4_ack_i = s4_ack_i__2 ([未完全约束])
  s4_err_i = s4_err_i__2 ([未完全约束])
  s4_rty_i = s4_rty_i__2 ([未完全约束])
  s5_data_i = s5_data_i__2 ([未完全约束])
  s5_ack_i = s5_ack_i__2 ([未完全约束])
  s5_err_i = s5_err_i__2 ([未完全约束])
  s5_rty_i = s5_rty_i__2 ([未完全约束])
  s6_data_i = s6_data_i__2 ([未完全约束])
  s6_ack_i = s6_ack_i__2 ([未完全约束])
  s6_err_i = s6_err_i__2 ([未完全约束])
  s6_rty_i = s6_rty_i__2 ([未完全约束])
  s7_data_i = s7_data_i__2 ([未完全约束])
  s7_ack_i = s7_ack_i__2 ([未完全约束])
  s7_err_i = s7_err_i__2 ([未完全约束])
  s7_rty_i = s7_rty_i__2 ([未完全约束])
  s8_data_i = s8_data_i__2 ([未完全约束])
  s8_ack_i = s8_ack_i__2 ([未完全约束])
  s8_err_i = s8_err_i__2 ([未完全约束])
  s8_rty_i = s8_rty_i__2 ([未完全约束])
  s9_data_i = s9_data_i__2 ([未完全约束])
  s9_ack_i = s9_ack_i__2 ([未完全约束])
  s9_err_i = s9_err_i__2 ([未完全约束])
  s9_rty_i = s9_rty_i__2 ([未完全约束])
  s10_data_i = s10_data_i__2 ([未完全约束])
  s10_ack_i = s10_ack_i__2 ([未完全约束])
  s10_err_i = s10_err_i__2 ([未完全约束])
  s10_rty_i = s10_rty_i__2 ([未完全约束])
  s11_data_i = s11_data_i__2 ([未完全约束])
  s11_ack_i = s11_ack_i__2 ([未完全约束])
  s11_err_i = s11_err_i__2 ([未完全约束])
  s11_rty_i = s11_rty_i__2 ([未完全约束])
  s12_data_i = s12_data_i__2 ([未完全约束])
  s12_ack_i = s12_ack_i__2 ([未完全约束])
  s12_err_i = s12_err_i__2 ([未完全约束])
  s12_rty_i = s12_rty_i__2 ([未完全约束])
  s13_data_i = s13_data_i__2 ([未完全约束])
  s13_ack_i = s13_ack_i__2 ([未完全约束])
  s13_err_i = s13_err_i__2 ([未完全约束])
  s13_rty_i = s13_rty_i__2 ([未完全约束])
  s14_data_i = s14_data_i__2 ([未完全约束])
  s14_ack_i = s14_ack_i__2 ([未完全约束])
  s14_err_i = s14_err_i__2 ([未完全约束])
  s14_rty_i = s14_rty_i__2 ([未完全约束])
  s15_data_i = s15_data_i__2 ([未完全约束])
  s15_ack_i = s15_ack_i__2 ([未完全约束])
  s15_err_i = s15_err_i__2 ([未完全约束])
  s15_rty_i = s15_rty_i__2 ([未完全约束])

Cycle 3:
  clk_i  = clk_i__3 ([未完全约束])
  wb_data_i = wb_data_i__3 ([未完全约束])
  wb_addr_i = wb_addr_i__3 ([未完全约束])
  wb_sel_i = wb_sel_i__3 ([未完全约束])
  wb_we_i = wb_we_i__3 ([未完全约束])
  wb_cyc_i = wb_cyc_i__3 ([未完全约束])
  wb_stb_i = wb_stb_i__3 ([未完全约束])
  s0_data_i = s0_data_i__3 ([未完全约束])
  s0_ack_i = s0_ack_i__3 ([未完全约束])
  s0_err_i = s0_err_i__3 ([未完全约束])
  s0_rty_i = s0_rty_i__3 ([未完全约束])
  s1_data_i = s1_data_i__3 ([未完全约束])
  s1_ack_i = s1_ack_i__3 ([未完全约束])
  s1_err_i = s1_err_i__3 ([未完全约束])
  s1_rty_i = s1_rty_i__3 ([未完全约束])
  s2_data_i = s2_data_i__3 ([未完全约束])
  s2_ack_i = s2_ack_i__3 ([未完全约束])
  s2_err_i = s2_err_i__3 ([未完全约束])
  s2_rty_i = s2_rty_i__3 ([未完全约束])
  s3_data_i = s3_data_i__3 ([未完全约束])
  s3_ack_i = s3_ack_i__3 ([未完全约束])
  s3_err_i = s3_err_i__3 ([未完全约束])
  s3_rty_i = s3_rty_i__3 ([未完全约束])
  s4_data_i = s4_data_i__3 ([未完全约束])
  s4_ack_i = s4_ack_i__3 ([未完全约束])
  s4_err_i = s4_err_i__3 ([未完全约束])
  s4_rty_i = s4_rty_i__3 ([未完全约束])
  s5_data_i = s5_data_i__3 ([未完全约束])
  s5_ack_i = s5_ack_i__3 ([未完全约束])
  s5_err_i = s5_err_i__3 ([未完全约束])
  s5_rty_i = s5_rty_i__3 ([未完全约束])
  s6_data_i = s6_data_i__3 ([未完全约束])
  s6_ack_i = s6_ack_i__3 ([未完全约束])
  s6_err_i = s6_err_i__3 ([未完全约束])
  s6_rty_i = s6_rty_i__3 ([未完全约束])
  s7_data_i = s7_data_i__3 ([未完全约束])
  s7_ack_i = s7_ack_i__3 ([未完全约束])
  s7_err_i = s7_err_i__3 ([未完全约束])
  s7_rty_i = s7_rty_i__3 ([未完全约束])
  s8_data_i = s8_data_i__3 ([未完全约束])
  s8_ack_i = s8_ack_i__3 ([未完全约束])
  s8_err_i = s8_err_i__3 ([未完全约束])
  s8_rty_i = s8_rty_i__3 ([未完全约束])
  s9_data_i = s9_data_i__3 ([未完全约束])
  s9_ack_i = s9_ack_i__3 ([未完全约束])
  s9_err_i = s9_err_i__3 ([未完全约束])
  s9_rty_i = s9_rty_i__3 ([未完全约束])
  s10_data_i = s10_data_i__3 ([未完全约束])
  s10_ack_i = s10_ack_i__3 ([未完全约束])
  s10_err_i = s10_err_i__3 ([未完全约束])
  s10_rty_i = s10_rty_i__3 ([未完全约束])
  s11_data_i = s11_data_i__3 ([未完全约束])
  s11_ack_i = s11_ack_i__3 ([未完全约束])
  s11_err_i = s11_err_i__3 ([未完全约束])
  s11_rty_i = s11_rty_i__3 ([未完全约束])
  s12_data_i = s12_data_i__3 ([未完全约束])
  s12_ack_i = s12_ack_i__3 ([未完全约束])
  s12_err_i = s12_err_i__3 ([未完全约束])
  s12_rty_i = s12_rty_i__3 ([未完全约束])
  s13_data_i = s13_data_i__3 ([未完全约束])
  s13_ack_i = s13_ack_i__3 ([未完全约束])
  s13_err_i = s13_err_i__3 ([未完全约束])
  s13_rty_i = s13_rty_i__3 ([未完全约束])
  s14_data_i = s14_data_i__3 ([未完全约束])
  s14_ack_i = s14_ack_i__3 ([未完全约束])
  s14_err_i = s14_err_i__3 ([未完全约束])
  s14_rty_i = s14_rty_i__3 ([未完全约束])
  s15_data_i = s15_data_i__3 ([未完全约束])
  s15_ack_i = s15_ack_i__3 ([未完全约束])
  s15_err_i = s15_err_i__3 ([未完全约束])
  s15_rty_i = s15_rty_i__3 ([未完全约束])

Cycle 4:
  clk_i  = clk_i__4 ([未完全约束])
  wb_data_i = wb_data_i__4 ([未完全约束])
  wb_addr_i = wb_addr_i__4 ([未完全约束])
  wb_sel_i = wb_sel_i__4 ([未完全约束])
  wb_we_i = wb_we_i__4 ([未完全约束])
  wb_cyc_i = wb_cyc_i__4 ([未完全约束])
  wb_stb_i = wb_stb_i__4 ([未完全约束])
  s0_data_i = s0_data_i__4 ([未完全约束])
  s0_ack_i = s0_ack_i__4 ([未完全约束])
  s0_err_i = s0_err_i__4 ([未完全约束])
  s0_rty_i = s0_rty_i__4 ([未完全约束])
  s1_data_i = s1_data_i__4 ([未完全约束])
  s1_ack_i = s1_ack_i__4 ([未完全约束])
  s1_err_i = s1_err_i__4 ([未完全约束])
  s1_rty_i = s1_rty_i__4 ([未完全约束])
  s2_data_i = s2_data_i__4 ([未完全约束])
  s2_ack_i = s2_ack_i__4 ([未完全约束])
  s2_err_i = s2_err_i__4 ([未完全约束])
  s2_rty_i = s2_rty_i__4 ([未完全约束])
  s3_data_i = s3_data_i__4 ([未完全约束])
  s3_ack_i = s3_ack_i__4 ([未完全约束])
  s3_err_i = s3_err_i__4 ([未完全约束])
  s3_rty_i = s3_rty_i__4 ([未完全约束])
  s4_data_i = s4_data_i__4 ([未完全约束])
  s4_ack_i = s4_ack_i__4 ([未完全约束])
  s4_err_i = s4_err_i__4 ([未完全约束])
  s4_rty_i = s4_rty_i__4 ([未完全约束])
  s5_data_i = s5_data_i__4 ([未完全约束])
  s5_ack_i = s5_ack_i__4 ([未完全约束])
  s5_err_i = s5_err_i__4 ([未完全约束])
  s5_rty_i = s5_rty_i__4 ([未完全约束])
  s6_data_i = s6_data_i__4 ([未完全约束])
  s6_ack_i = s6_ack_i__4 ([未完全约束])
  s6_err_i = s6_err_i__4 ([未完全约束])
  s6_rty_i = s6_rty_i__4 ([未完全约束])
  s7_data_i = s7_data_i__4 ([未完全约束])
  s7_ack_i = s7_ack_i__4 ([未完全约束])
  s7_err_i = s7_err_i__4 ([未完全约束])
  s7_rty_i = s7_rty_i__4 ([未完全约束])
  s8_data_i = s8_data_i__4 ([未完全约束])
  s8_ack_i = s8_ack_i__4 ([未完全约束])
  s8_err_i = s8_err_i__4 ([未完全约束])
  s8_rty_i = s8_rty_i__4 ([未完全约束])
  s9_data_i = s9_data_i__4 ([未完全约束])
  s9_ack_i = s9_ack_i__4 ([未完全约束])
  s9_err_i = s9_err_i__4 ([未完全约束])
  s9_rty_i = s9_rty_i__4 ([未完全约束])
  s10_data_i = s10_data_i__4 ([未完全约束])
  s10_ack_i = s10_ack_i__4 ([未完全约束])
  s10_err_i = s10_err_i__4 ([未完全约束])
  s10_rty_i = s10_rty_i__4 ([未完全约束])
  s11_data_i = s11_data_i__4 ([未完全约束])
  s11_ack_i = s11_ack_i__4 ([未完全约束])
  s11_err_i = s11_err_i__4 ([未完全约束])
  s11_rty_i = s11_rty_i__4 ([未完全约束])
  s12_data_i = s12_data_i__4 ([未完全约束])
  s12_ack_i = s12_ack_i__4 ([未完全约束])
  s12_err_i = s12_err_i__4 ([未完全约束])
  s12_rty_i = s12_rty_i__4 ([未完全约束])
  s13_data_i = s13_data_i__4 ([未完全约束])
  s13_ack_i = s13_ack_i__4 ([未完全约束])
  s13_err_i = s13_err_i__4 ([未完全约束])
  s13_rty_i = s13_rty_i__4 ([未完全约束])
  s14_data_i = s14_data_i__4 ([未完全约束])
  s14_ack_i = s14_ack_i__4 ([未完全约束])
  s14_err_i = s14_err_i__4 ([未完全约束])
  s14_rty_i = s14_rty_i__4 ([未完全约束])
  s15_data_i = s15_data_i__4 ([未完全约束])
  s15_ack_i = s15_ack_i__4 ([未完全约束])
  s15_err_i = s15_err_i__4 ([未完全约束])
  s15_rty_i = s15_rty_i__4 ([未完全约束])
